Release 14.7 - xst P.20131013 (nt64)
Copyright (c) 1995-2013 Xilinx, Inc.  All rights reserved.
--> Parameter TMPDIR set to xst/projnav.tmp


Total REAL time to Xst completion: 2.00 secs
Total CPU time to Xst completion: 1.48 secs
 
--> Parameter xsthdpdir set to xst


Total REAL time to Xst completion: 2.00 secs
Total CPU time to Xst completion: 1.49 secs
 
--> Reading design: host.prj

TABLE OF CONTENTS
  1) Synthesis Options Summary
  2) HDL Compilation
  3) Design Hierarchy Analysis
  4) HDL Analysis
  5) HDL Synthesis
     5.1) HDL Synthesis Report
  6) Advanced HDL Synthesis
     6.1) Advanced HDL Synthesis Report
  7) Low Level Synthesis
  8) Partition Report
  9) Final Report
	9.1) Device utilization summary
	9.2) Partition Resource Summary
	9.3) TIMING REPORT


=========================================================================
*                      Synthesis Options Summary                        *
=========================================================================
---- Source Parameters
Input File Name                    : "host.prj"
Input Format                       : mixed
Ignore Synthesis Constraint File   : NO

---- Target Parameters
Output File Name                   : "host"
Output Format                      : NGC
Target Device                      : xc3s200a-4-vq100

---- Source Options
Top Module Name                    : host
Automatic FSM Extraction           : YES
FSM Encoding Algorithm             : Auto
Safe Implementation                : No
FSM Style                          : LUT
RAM Extraction                     : Yes
RAM Style                          : Auto
ROM Extraction                     : Yes
Mux Style                          : Auto
Decoder Extraction                 : YES
Priority Encoder Extraction        : Yes
Shift Register Extraction          : YES
Logical Shifter Extraction         : YES
XOR Collapsing                     : YES
ROM Style                          : Auto
Mux Extraction                     : Yes
Resource Sharing                   : YES
Asynchronous To Synchronous        : NO
Multiplier Style                   : Auto
Automatic Register Balancing       : No

---- Target Options
Add IO Buffers                     : YES
Global Maximum Fanout              : 100000
Add Generic Clock Buffer(BUFG)     : 24
Register Duplication               : YES
Slice Packing                      : YES
Optimize Instantiated Primitives   : NO
Use Clock Enable                   : Yes
Use Synchronous Set                : Yes
Use Synchronous Reset              : Yes
Pack IO Registers into IOBs        : Auto
Equivalent register Removal        : YES

---- General Options
Optimization Goal                  : Speed
Optimization Effort                : 1
Keep Hierarchy                     : No
Netlist Hierarchy                  : As_Optimized
RTL Output                         : Yes
Global Optimization                : AllClockNets
Read Cores                         : YES
Write Timing Constraints           : NO
Cross Clock Analysis               : NO
Hierarchy Separator                : /
Bus Delimiter                      : <>
Case Specifier                     : Maintain
Slice Utilization Ratio            : 100
BRAM Utilization Ratio             : 100
Verilog 2001                       : YES
Auto BRAM Packing                  : NO
Slice Utilization Ratio Delta      : 5

=========================================================================


=========================================================================
*                          HDL Compilation                              *
=========================================================================
WARNING:HDLParsers:3607 - Unit work/host is now defined in a different file.  It was defined in "C:/Users/zoltanp/Documents/HexCalc/Sys_TIM-011/Mercury/host.vhd", and is now defined in "C:/Users/zoltanp/Documents/HexCalc/Sys_TIM-011/Sys_TIM-011/Mercury/host.vhd".
WARNING:HDLParsers:3607 - Unit work/host/Structural is now defined in a different file.  It was defined in "C:/Users/zoltanp/Documents/HexCalc/Sys_TIM-011/Mercury/host.vhd", and is now defined in "C:/Users/zoltanp/Documents/HexCalc/Sys_TIM-011/Sys_TIM-011/Mercury/host.vhd".
WARNING:HDLParsers:3607 - Unit work/Grafika is now defined in a different file.  It was defined in "C:/Users/zoltanp/Documents/HexCalc/Sys_TIM-011/Grafika.vhd", and is now defined in "C:/Users/zoltanp/Documents/HexCalc/Sys_TIM-011/Sys_TIM-011/Grafika.vhd".
WARNING:HDLParsers:3607 - Unit work/Grafika/Behavioral is now defined in a different file.  It was defined in "C:/Users/zoltanp/Documents/HexCalc/Sys_TIM-011/Grafika.vhd", and is now defined in "C:/Users/zoltanp/Documents/HexCalc/Sys_TIM-011/Sys_TIM-011/Grafika.vhd".
WARNING:HDLParsers:3607 - Unit work/sn74hc4040 is now defined in a different file.  It was defined in "C:/Users/zoltanp/Documents/HexCalc/Sys_TIM-011/sn74hc4040.vhd", and is now defined in "C:/Users/zoltanp/Documents/HexCalc/Sys_TIM-011/Sys_TIM-011/sn74hc4040.vhd".
WARNING:HDLParsers:3607 - Unit work/sn74hc4040/Behavioral is now defined in a different file.  It was defined in "C:/Users/zoltanp/Documents/HexCalc/Sys_TIM-011/sn74hc4040.vhd", and is now defined in "C:/Users/zoltanp/Documents/HexCalc/Sys_TIM-011/Sys_TIM-011/sn74hc4040.vhd".
WARNING:HDLParsers:3607 - Unit work/sn74hc04 is now defined in a different file.  It was defined in "C:/Users/zoltanp/Documents/HexCalc/Sys_TIM-011/sn74hc04.vhd", and is now defined in "C:/Users/zoltanp/Documents/HexCalc/Sys_TIM-011/Sys_TIM-011/sn74hc04.vhd".
WARNING:HDLParsers:3607 - Unit work/sn74hc04/Behavioral is now defined in a different file.  It was defined in "C:/Users/zoltanp/Documents/HexCalc/Sys_TIM-011/sn74hc04.vhd", and is now defined in "C:/Users/zoltanp/Documents/HexCalc/Sys_TIM-011/Sys_TIM-011/sn74hc04.vhd".
WARNING:HDLParsers:3607 - Unit work/sn74ls20 is now defined in a different file.  It was defined in "C:/Users/zoltanp/Documents/HexCalc/Sys_TIM-011/sn74ls20.vhd", and is now defined in "C:/Users/zoltanp/Documents/HexCalc/Sys_TIM-011/Sys_TIM-011/sn74ls20.vhd".
WARNING:HDLParsers:3607 - Unit work/sn74ls20/Behavioral is now defined in a different file.  It was defined in "C:/Users/zoltanp/Documents/HexCalc/Sys_TIM-011/sn74ls20.vhd", and is now defined in "C:/Users/zoltanp/Documents/HexCalc/Sys_TIM-011/Sys_TIM-011/sn74ls20.vhd".
WARNING:HDLParsers:3607 - Unit work/sn74ls240 is now defined in a different file.  It was defined in "C:/Users/zoltanp/Documents/HexCalc/Sys_TIM-011/sn74ls240.vhd", and is now defined in "C:/Users/zoltanp/Documents/HexCalc/Sys_TIM-011/Sys_TIM-011/sn74ls240.vhd".
WARNING:HDLParsers:3607 - Unit work/sn74ls240/Behavioral is now defined in a different file.  It was defined in "C:/Users/zoltanp/Documents/HexCalc/Sys_TIM-011/sn74ls240.vhd", and is now defined in "C:/Users/zoltanp/Documents/HexCalc/Sys_TIM-011/Sys_TIM-011/sn74ls240.vhd".
Compiling vhdl file "C:/Users/zoltanp/Documents/HexCalc/Sys_TIM-011/Sys_TIM-011/sn74ls240.vhd" in Library work.
Architecture behavioral of Entity sn74ls240 is up to date.
Compiling vhdl file "C:/Users/zoltanp/Documents/HexCalc/Sys_TIM-011/Sys_TIM-011/sn74ls20.vhd" in Library work.
Architecture behavioral of Entity sn74ls20 is up to date.
Compiling vhdl file "C:/Users/zoltanp/Documents/HexCalc/Sys_TIM-011/Sys_TIM-011/sn74hc04.vhd" in Library work.
Architecture behavioral of Entity sn74hc04 is up to date.
Compiling vhdl file "C:/Users/zoltanp/Documents/HexCalc/Sys_TIM-011/Sys_TIM-011/sn74hc4040.vhd" in Library work.
Architecture behavioral of Entity sn74hc4040 is up to date.
Compiling vhdl file "C:/Users/zoltanp/Documents/HexCalc/Sys_TIM-011/Sys_TIM-011/Grafika.vhd" in Library work.
Architecture behavioral of Entity grafika is up to date.
Compiling vhdl file "C:/Users/zoltanp/Documents/HexCalc/Sys_TIM-011/Sys_TIM-011/Mercury/host.vhd" in Library work.
Architecture structural of Entity host is up to date.

=========================================================================
*                     Design Hierarchy Analysis                         *
=========================================================================
Analyzing hierarchy for entity <host> in library <work> (architecture <structural>).

Analyzing hierarchy for entity <sn74hc4040> in library <work> (architecture <behavioral>).

Analyzing hierarchy for entity <Grafika> in library <work> (architecture <behavioral>).

Analyzing hierarchy for entity <sn74ls240> in library <work> (architecture <behavioral>).

Analyzing hierarchy for entity <sn74ls20> in library <work> (architecture <behavioral>).

Analyzing hierarchy for entity <sn74hc04> in library <work> (architecture <behavioral>).


=========================================================================
*                            HDL Analysis                               *
=========================================================================
Analyzing Entity <host> in library <work> (Architecture <structural>).
WARNING:Xst:753 - "C:/Users/zoltanp/Documents/HexCalc/Sys_TIM-011/Sys_TIM-011/Mercury/host.vhd" line 193: Unconnected output port 'q5_3' of component 'sn74hc4040'.
WARNING:Xst:753 - "C:/Users/zoltanp/Documents/HexCalc/Sys_TIM-011/Sys_TIM-011/Mercury/host.vhd" line 193: Unconnected output port 'q7_4' of component 'sn74hc4040'.
WARNING:Xst:753 - "C:/Users/zoltanp/Documents/HexCalc/Sys_TIM-011/Sys_TIM-011/Mercury/host.vhd" line 193: Unconnected output port 'q4_5' of component 'sn74hc4040'.
WARNING:Xst:753 - "C:/Users/zoltanp/Documents/HexCalc/Sys_TIM-011/Sys_TIM-011/Mercury/host.vhd" line 193: Unconnected output port 'q3_6' of component 'sn74hc4040'.
WARNING:Xst:753 - "C:/Users/zoltanp/Documents/HexCalc/Sys_TIM-011/Sys_TIM-011/Mercury/host.vhd" line 193: Unconnected output port 'q2_7' of component 'sn74hc4040'.
WARNING:Xst:753 - "C:/Users/zoltanp/Documents/HexCalc/Sys_TIM-011/Sys_TIM-011/Mercury/host.vhd" line 193: Unconnected output port 'q1_9' of component 'sn74hc4040'.
WARNING:Xst:753 - "C:/Users/zoltanp/Documents/HexCalc/Sys_TIM-011/Sys_TIM-011/Mercury/host.vhd" line 193: Unconnected output port 'q9_12' of component 'sn74hc4040'.
WARNING:Xst:753 - "C:/Users/zoltanp/Documents/HexCalc/Sys_TIM-011/Sys_TIM-011/Mercury/host.vhd" line 193: Unconnected output port 'q8_13' of component 'sn74hc4040'.
WARNING:Xst:753 - "C:/Users/zoltanp/Documents/HexCalc/Sys_TIM-011/Sys_TIM-011/Mercury/host.vhd" line 193: Unconnected output port 'q10_14' of component 'sn74hc4040'.
WARNING:Xst:753 - "C:/Users/zoltanp/Documents/HexCalc/Sys_TIM-011/Sys_TIM-011/Mercury/host.vhd" line 193: Unconnected output port 'q11_15' of component 'sn74hc4040'.
WARNING:Xst:754 - "C:/Users/zoltanp/Documents/HexCalc/Sys_TIM-011/Sys_TIM-011/Mercury/host.vhd" line 210: Unconnected inout port 'd' of component 'Grafika'.
Entity <host> analyzed. Unit <host> generated.

Analyzing Entity <sn74hc4040> in library <work> (Architecture <behavioral>).
Entity <sn74hc4040> analyzed. Unit <sn74hc4040> generated.

Analyzing Entity <Grafika> in library <work> (Architecture <behavioral>).
WARNING:Xst:753 - "C:/Users/zoltanp/Documents/HexCalc/Sys_TIM-011/Sys_TIM-011/Grafika.vhd" line 106: Unconnected output port 'y24_3' of component 'sn74ls240'.
WARNING:Xst:753 - "C:/Users/zoltanp/Documents/HexCalc/Sys_TIM-011/Sys_TIM-011/Grafika.vhd" line 106: Unconnected output port 'y23_5' of component 'sn74ls240'.
WARNING:Xst:753 - "C:/Users/zoltanp/Documents/HexCalc/Sys_TIM-011/Sys_TIM-011/Grafika.vhd" line 106: Unconnected output port 'y21_9' of component 'sn74ls240'.
WARNING:Xst:753 - "C:/Users/zoltanp/Documents/HexCalc/Sys_TIM-011/Sys_TIM-011/Grafika.vhd" line 106: Unconnected output port 'y14_12' of component 'sn74ls240'.
WARNING:Xst:753 - "C:/Users/zoltanp/Documents/HexCalc/Sys_TIM-011/Sys_TIM-011/Grafika.vhd" line 106: Unconnected output port 'y13_14' of component 'sn74ls240'.
WARNING:Xst:753 - "C:/Users/zoltanp/Documents/HexCalc/Sys_TIM-011/Sys_TIM-011/Grafika.vhd" line 106: Unconnected output port 'y12_16' of component 'sn74ls240'.
WARNING:Xst:753 - "C:/Users/zoltanp/Documents/HexCalc/Sys_TIM-011/Sys_TIM-011/Grafika.vhd" line 106: Unconnected output port 'y11_18' of component 'sn74ls240'.
WARNING:Xst:753 - "C:/Users/zoltanp/Documents/HexCalc/Sys_TIM-011/Sys_TIM-011/Grafika.vhd" line 140: Unconnected output port 'y1_2' of component 'sn74hc04'.
WARNING:Xst:753 - "C:/Users/zoltanp/Documents/HexCalc/Sys_TIM-011/Sys_TIM-011/Grafika.vhd" line 140: Unconnected output port 'y2_4' of component 'sn74hc04'.
WARNING:Xst:753 - "C:/Users/zoltanp/Documents/HexCalc/Sys_TIM-011/Sys_TIM-011/Grafika.vhd" line 140: Unconnected output port 'y3_6' of component 'sn74hc04'.
WARNING:Xst:753 - "C:/Users/zoltanp/Documents/HexCalc/Sys_TIM-011/Sys_TIM-011/Grafika.vhd" line 140: Unconnected output port 'y4_8' of component 'sn74hc04'.
WARNING:Xst:753 - "C:/Users/zoltanp/Documents/HexCalc/Sys_TIM-011/Sys_TIM-011/Grafika.vhd" line 140: Unconnected output port 'y5_10' of component 'sn74hc04'.
Entity <Grafika> analyzed. Unit <Grafika> generated.

Analyzing Entity <sn74ls240> in library <work> (Architecture <behavioral>).
Entity <sn74ls240> analyzed. Unit <sn74ls240> generated.

Analyzing Entity <sn74ls20> in library <work> (Architecture <behavioral>).
Entity <sn74ls20> analyzed. Unit <sn74ls20> generated.

Analyzing Entity <sn74hc04> in library <work> (Architecture <behavioral>).
Entity <sn74hc04> analyzed. Unit <sn74hc04> generated.


=========================================================================
*                           HDL Synthesis                               *
=========================================================================

Performing bidirectional port resolution...

Synthesizing Unit <sn74hc4040>.
    Related source file is "C:/Users/zoltanp/Documents/HexCalc/Sys_TIM-011/Sys_TIM-011/sn74hc4040.vhd".
    Found 12-bit up counter for signal <q>.
    Summary:
	inferred   1 Counter(s).
Unit <sn74hc4040> synthesized.


Synthesizing Unit <sn74ls240>.
    Related source file is "C:/Users/zoltanp/Documents/HexCalc/Sys_TIM-011/Sys_TIM-011/sn74ls240.vhd".
Unit <sn74ls240> synthesized.


Synthesizing Unit <sn74ls20>.
    Related source file is "C:/Users/zoltanp/Documents/HexCalc/Sys_TIM-011/Sys_TIM-011/sn74ls20.vhd".
Unit <sn74ls20> synthesized.


Synthesizing Unit <sn74hc04>.
    Related source file is "C:/Users/zoltanp/Documents/HexCalc/Sys_TIM-011/Sys_TIM-011/sn74hc04.vhd".
Unit <sn74hc04> synthesized.


Synthesizing Unit <Grafika>.
    Related source file is "C:/Users/zoltanp/Documents/HexCalc/Sys_TIM-011/Sys_TIM-011/Grafika.vhd".
WARNING:Xst:1305 - Output <vsync> is never assigned. Tied to value 0.
WARNING:Xst:1305 - Output <vid1> is never assigned. Tied to value 0.
WARNING:Xst:1305 - Output <vid2> is never assigned. Tied to value 0.
WARNING:Xst:647 - Input <dotclk> is never used. This port will be preserved and left unconnected if it belongs to a top-level block or it belongs to a sub-block and the hierarchy of this sub-block is preserved.
WARNING:Xst:647 - Input <a<14:0>> is never used. This port will be preserved and left unconnected if it belongs to a top-level block or it belongs to a sub-block and the hierarchy of this sub-block is preserved.
WARNING:Xst:647 - Input <nScroll> is never used. This port will be preserved and left unconnected if it belongs to a top-level block or it belongs to a sub-block and the hierarchy of this sub-block is preserved.
WARNING:Xst:2563 - Inout <d<0>> is never assigned. Tied to value Z.
WARNING:Xst:2563 - Inout <d<1>> is never assigned. Tied to value Z.
WARNING:Xst:2563 - Inout <d<2>> is never assigned. Tied to value Z.
WARNING:Xst:2563 - Inout <d<3>> is never assigned. Tied to value Z.
WARNING:Xst:2563 - Inout <d<4>> is never assigned. Tied to value Z.
WARNING:Xst:2563 - Inout <d<5>> is never assigned. Tied to value Z.
WARNING:Xst:2563 - Inout <d<6>> is never assigned. Tied to value Z.
WARNING:Xst:2563 - Inout <d<7>> is never assigned. Tied to value Z.
WARNING:Xst:1305 - Output <hsync> is never assigned. Tied to value 0.
WARNING:Xst:653 - Signal <u24_10> is used but never assigned. This sourceless signal will be automatically connected to value 0.
WARNING:Xst:646 - Signal <u18_8> is assigned but never used. This unconnected signal will be trimmed during the optimization process.
WARNING:Xst:646 - Signal <u18_6> is assigned but never used. This unconnected signal will be trimmed during the optimization process.
    Found 1-bit tristate buffer for signal <d<7>>.
    Found 1-bit tristate buffer for signal <d<6>>.
    Found 1-bit tristate buffer for signal <d<5>>.
    Found 1-bit tristate buffer for signal <d<4>>.
    Found 1-bit tristate buffer for signal <d<3>>.
    Found 1-bit tristate buffer for signal <d<2>>.
    Found 1-bit tristate buffer for signal <d<1>>.
    Found 1-bit tristate buffer for signal <d<0>>.
    Summary:
	inferred   8 Tristate(s).
Unit <Grafika> synthesized.


Synthesizing Unit <host>.
    Related source file is "C:/Users/zoltanp/Documents/HexCalc/Sys_TIM-011/Sys_TIM-011/Mercury/host.vhd".
WARNING:Xst:1306 - Output <AN> is never assigned.
WARNING:Xst:647 - Input <BTN> is never used. This port will be preserved and left unconnected if it belongs to a top-level block or it belongs to a sub-block and the hierarchy of this sub-block is preserved.
WARNING:Xst:1306 - Output <DOT> is never assigned.
WARNING:Xst:1306 - Output <A_TO_G> is never assigned.
WARNING:Xst:647 - Input <SW> is never used. This port will be preserved and left unconnected if it belongs to a top-level block or it belongs to a sub-block and the hierarchy of this sub-block is preserved.
WARNING:Xst:2565 - Inout <PMOD<0>> is never assigned.
WARNING:Xst:2565 - Inout <PMOD<1>> is never assigned.
WARNING:Xst:2565 - Inout <PMOD<2>> is never assigned.
WARNING:Xst:2565 - Inout <PMOD<3>> is never assigned.
WARNING:Xst:2565 - Inout <PMOD<4>> is never assigned.
WARNING:Xst:2565 - Inout <PMOD<5>> is never assigned.
WARNING:Xst:2565 - Inout <PMOD<6>> is never assigned.
WARNING:Xst:2565 - Inout <PMOD<7>> is never assigned.
WARNING:Xst:1306 - Output <LED> is never assigned.
WARNING:Xst:646 - Signal <freq25M> is assigned but never used. This unconnected signal will be trimmed during the optimization process.
Unit <host> synthesized.

WARNING:Xst:524 - All outputs of the instance <u18> of the block <sn74ls20> are unconnected in block <Grafika>.
   This instance will be removed from the design along with all underlying logic
WARNING:Xst:524 - All outputs of the instance <u24> of the block <sn74hc04> are unconnected in block <Grafika>.
   This instance will be removed from the design along with all underlying logic

=========================================================================
HDL Synthesis Report

Macro Statistics
# Counters                                             : 1
 12-bit up counter                                     : 1
# Tristates                                            : 8
 1-bit tristate buffer                                 : 8

=========================================================================

=========================================================================
*                       Advanced HDL Synthesis                          *
=========================================================================

WARNING:Xst:1290 - Hierarchical block <clockgen> is unconnected in block <host>.
   It will be removed from the design.
WARNING:Xst:1290 - Hierarchical block <u14> is unconnected in block <video>.
   It will be removed from the design.

=========================================================================
Advanced HDL Synthesis Report

Macro Statistics
# Counters                                             : 1
 12-bit up counter                                     : 1

=========================================================================

=========================================================================
*                         Low Level Synthesis                           *
=========================================================================
WARNING:Xst:2677 - Node <clockgen/q_7> of sequential type is unconnected in block <host>.
WARNING:Xst:2677 - Node <clockgen/q_8> of sequential type is unconnected in block <host>.
WARNING:Xst:2677 - Node <clockgen/q_9> of sequential type is unconnected in block <host>.
WARNING:Xst:2677 - Node <clockgen/q_10> of sequential type is unconnected in block <host>.
WARNING:Xst:2677 - Node <clockgen/q_11> of sequential type is unconnected in block <host>.
WARNING:Xst:2677 - Node <clockgen/q_12> of sequential type is unconnected in block <host>.
WARNING:Xst:2042 - Unit Grafika: 8 internal tristates are replaced by logic (pull-up yes): d<0>, d<1>, d<2>, d<3>, d<4>, d<5>, d<6>, d<7>.

Optimizing unit <host> ...

Optimizing unit <Grafika> ...
WARNING:Xst:2677 - Node <clockgen/q_1> of sequential type is unconnected in block <host>.
WARNING:Xst:2677 - Node <clockgen/q_2> of sequential type is unconnected in block <host>.
WARNING:Xst:2677 - Node <clockgen/q_3> of sequential type is unconnected in block <host>.
WARNING:Xst:2677 - Node <clockgen/q_4> of sequential type is unconnected in block <host>.
WARNING:Xst:2677 - Node <clockgen/q_5> of sequential type is unconnected in block <host>.
WARNING:Xst:2677 - Node <clockgen/q_6> of sequential type is unconnected in block <host>.

Mapping all equations...
Building and optimizing final netlist ...
Found area constraint ratio of 100 (+ 5) on block host, actual ratio is 0.

Final Macro Processing ...

=========================================================================
Final Register Report

Found no macro
=========================================================================

=========================================================================
*                           Partition Report                            *
=========================================================================

Partition Implementation Status
-------------------------------

  No Partitions were found in this design.

-------------------------------

=========================================================================
*                            Final Report                               *
=========================================================================
Final Results
RTL Top Level Output File Name     : host.ngr
Top Level Output File Name         : host
Output Format                      : NGC
Optimization Goal                  : Speed
Keep Hierarchy                     : No

Design Statistics
# IOs                              : 46

Cell Usage :
# BELS                             : 1
#      GND                         : 1
# IO Buffers                       : 10
#      OBUF                        : 10
=========================================================================

Device utilization summary:
---------------------------

Selected Device : 3s200avq100-4 

 Number of Slices:                        0  out of   1792     0%  
 Number of IOs:                          46
 Number of bonded IOBs:                  10  out of     68    14%  

---------------------------
Partition Resource Summary:
---------------------------

  No Partitions were found in this design.

---------------------------


=========================================================================
TIMING REPORT

NOTE: THESE TIMING NUMBERS ARE ONLY A SYNTHESIS ESTIMATE.
      FOR ACCURATE TIMING INFORMATION PLEASE REFER TO THE TRACE REPORT
      GENERATED AFTER PLACE-and-ROUTE.

Clock Information:
------------------
No clock signals found in this design

Asynchronous Control Signals Information:
----------------------------------------
No asynchronous control signals found in this design

Timing Summary:
---------------
Speed Grade: -4

   Minimum period: No path found
   Minimum input arrival time before clock: No path found
   Maximum output required time after clock: No path found
   Maximum combinational path delay: No path found

Timing Detail:
--------------
All values displayed in nanoseconds (ns)

=========================================================================


Total REAL time to Xst completion: 19.00 secs
Total CPU time to Xst completion: 18.82 secs
 
--> 

Total memory usage is 4563164 kilobytes

Number of errors   :    0 (   0 filtered)
Number of warnings :   85 (   0 filtered)
Number of infos    :    0 (   0 filtered)

