Release 14.7 - xst P.20131013 (nt64)
Copyright (c) 1995-2013 Xilinx, Inc.  All rights reserved.
--> Parameter TMPDIR set to xst/projnav.tmp


Total REAL time to Xst completion: 1.00 secs
Total CPU time to Xst completion: 1.11 secs
 
--> Parameter xsthdpdir set to xst


Total REAL time to Xst completion: 1.00 secs
Total CPU time to Xst completion: 1.12 secs
 
--> Reading design: sys_tim011_mercury.prj

TABLE OF CONTENTS
  1) Synthesis Options Summary
  2) HDL Compilation
  3) Design Hierarchy Analysis
  4) HDL Analysis
  5) HDL Synthesis
     5.1) HDL Synthesis Report
  6) Advanced HDL Synthesis
     6.1) Advanced HDL Synthesis Report
  7) Low Level Synthesis
  8) Partition Report
  9) Final Report
	9.1) Device utilization summary
	9.2) Partition Resource Summary
	9.3) TIMING REPORT


=========================================================================
*                      Synthesis Options Summary                        *
=========================================================================
---- Source Parameters
Input File Name                    : "sys_tim011_mercury.prj"
Input Format                       : mixed
Ignore Synthesis Constraint File   : NO

---- Target Parameters
Output File Name                   : "sys_tim011_mercury"
Output Format                      : NGC
Target Device                      : xc3s200a-4-vq100

---- Source Options
Top Module Name                    : sys_tim011_mercury
Automatic FSM Extraction           : YES
FSM Encoding Algorithm             : Auto
Safe Implementation                : No
FSM Style                          : LUT
RAM Extraction                     : Yes
RAM Style                          : Auto
ROM Extraction                     : Yes
Mux Style                          : Auto
Decoder Extraction                 : YES
Priority Encoder Extraction        : Yes
Shift Register Extraction          : YES
Logical Shifter Extraction         : YES
XOR Collapsing                     : YES
ROM Style                          : Auto
Mux Extraction                     : Yes
Resource Sharing                   : YES
Asynchronous To Synchronous        : NO
Multiplier Style                   : Auto
Automatic Register Balancing       : No

---- Target Options
Add IO Buffers                     : YES
Global Maximum Fanout              : 100000
Add Generic Clock Buffer(BUFG)     : 24
Register Duplication               : YES
Slice Packing                      : YES
Optimize Instantiated Primitives   : NO
Use Clock Enable                   : Yes
Use Synchronous Set                : Yes
Use Synchronous Reset              : Yes
Pack IO Registers into IOBs        : Auto
Equivalent register Removal        : YES

---- General Options
Optimization Goal                  : Speed
Optimization Effort                : 1
Keep Hierarchy                     : No
Netlist Hierarchy                  : As_Optimized
RTL Output                         : Yes
Global Optimization                : AllClockNets
Read Cores                         : YES
Write Timing Constraints           : NO
Cross Clock Analysis               : NO
Hierarchy Separator                : /
Bus Delimiter                      : <>
Case Specifier                     : Maintain
Slice Utilization Ratio            : 100
BRAM Utilization Ratio             : 100
Verilog 2001                       : YES
Auto BRAM Packing                  : NO
Slice Utilization Ratio Delta      : 5

---- Other Options
Cores Search Directories           : {"ipcore_dir"  }

=========================================================================


=========================================================================
*                          HDL Compilation                              *
=========================================================================
Compiling vhdl file "C:/Users/zoltanp/Documents/HexCalc/Sys_TIM-011/Sys_TIM-011/Am82S62.vhd" in Library work.
Architecture behavioral of Entity am82s62 is up to date.
Compiling vhdl file "C:/Users/zoltanp/Documents/HexCalc/Sys_TIM-011/Sys_TIM-011/debouncer.vhd" in Library work.
Architecture behavioral of Entity debouncer is up to date.
Compiling vhdl file "C:/Users/zoltanp/Documents/HexCalc/Sys_TIM-011/Sys_TIM-011/sn74hc4040.vhd" in Library work.
Architecture behavioral of Entity sn74hc4040 is up to date.
Compiling vhdl file "C:/Users/zoltanp/Documents/HexCalc/Sys_TIM-011/Sys_TIM-011/debouncer8channel.vhd" in Library work.
Architecture behavioral of Entity debouncer8channel is up to date.
Compiling vhdl file "C:/Users/zoltanp/Documents/HexCalc/Sys_TIM-011/Sys_TIM-011/oneshot.vhd" in Library work.
Architecture behavioral of Entity oneshot is up to date.
Compiling vhdl file "C:/Users/zoltanp/Documents/HexCalc/Sys_TIM-011/Sys_TIM-011/interactivereg.vhd" in Library work.
Architecture behavioral of Entity interactivereg is up to date.
Compiling vhdl file "C:/Users/zoltanp/Documents/HexCalc/Sys_TIM-011/Sys_TIM-011/Mercury/fourdigitsevensegled.vhd" in Library work.
Architecture structural of Entity fourdigitsevensegled is up to date.
Compiling vhdl file "C:/Users/zoltanp/Documents/HexCalc/Sys_TIM-011/Sys_TIM-011/signalcounter.vhd" in Library work.
Architecture behavioral of Entity signalcounter is up to date.
Compiling vhdl file "C:/Users/zoltanp/Documents/HexCalc/Sys_TIM-011/Sys_TIM-011/uart_receiver.vhd" in Library work.
Architecture behavioral of Entity uart_receiver is up to date.
Compiling vhdl file "C:/Users/zoltanp/Documents/HexCalc/Sys_TIM-011/Sys_TIM-011/Mercury/sys_tim011_mercury.vhd" in Library work.
Entity <sys_tim011_mercury> compiled.
Entity <sys_tim011_mercury> (Architecture <structural>) compiled.

=========================================================================
*                     Design Hierarchy Analysis                         *
=========================================================================
Analyzing hierarchy for entity <sys_tim011_mercury> in library <work> (architecture <structural>).

Analyzing hierarchy for entity <sn74hc4040> in library <work> (architecture <behavioral>).

Analyzing hierarchy for entity <debouncer8channel> in library <work> (architecture <behavioral>).

Analyzing hierarchy for entity <oneshot> in library <work> (architecture <behavioral>).

Analyzing hierarchy for entity <interactivereg> in library <work> (architecture <behavioral>).

Analyzing hierarchy for entity <fourdigitsevensegled> in library <work> (architecture <structural>).

Analyzing hierarchy for entity <signalcounter> in library <work> (architecture <behavioral>).

Analyzing hierarchy for entity <uart_receiver> in library <work> (architecture <behavioral>).

Analyzing hierarchy for entity <debouncer> in library <work> (architecture <behavioral>).

Analyzing hierarchy for entity <Am82S62> in library <work> (architecture <behavioral>).


=========================================================================
*                            HDL Analysis                               *
=========================================================================
Analyzing Entity <sys_tim011_mercury> in library <work> (Architecture <structural>).
WARNING:Xst:753 - "C:/Users/zoltanp/Documents/HexCalc/Sys_TIM-011/Sys_TIM-011/Mercury/sys_tim011_mercury.vhd" line 337: Unconnected output port 'q6_2' of component 'sn74hc4040'.
WARNING:Xst:753 - "C:/Users/zoltanp/Documents/HexCalc/Sys_TIM-011/Sys_TIM-011/Mercury/sys_tim011_mercury.vhd" line 337: Unconnected output port 'q5_3' of component 'sn74hc4040'.
WARNING:Xst:753 - "C:/Users/zoltanp/Documents/HexCalc/Sys_TIM-011/Sys_TIM-011/Mercury/sys_tim011_mercury.vhd" line 337: Unconnected output port 'q7_4' of component 'sn74hc4040'.
WARNING:Xst:753 - "C:/Users/zoltanp/Documents/HexCalc/Sys_TIM-011/Sys_TIM-011/Mercury/sys_tim011_mercury.vhd" line 337: Unconnected output port 'q4_5' of component 'sn74hc4040'.
WARNING:Xst:753 - "C:/Users/zoltanp/Documents/HexCalc/Sys_TIM-011/Sys_TIM-011/Mercury/sys_tim011_mercury.vhd" line 337: Unconnected output port 'q3_6' of component 'sn74hc4040'.
WARNING:Xst:753 - "C:/Users/zoltanp/Documents/HexCalc/Sys_TIM-011/Sys_TIM-011/Mercury/sys_tim011_mercury.vhd" line 337: Unconnected output port 'q9_12' of component 'sn74hc4040'.
WARNING:Xst:753 - "C:/Users/zoltanp/Documents/HexCalc/Sys_TIM-011/Sys_TIM-011/Mercury/sys_tim011_mercury.vhd" line 337: Unconnected output port 'q8_13' of component 'sn74hc4040'.
WARNING:Xst:753 - "C:/Users/zoltanp/Documents/HexCalc/Sys_TIM-011/Sys_TIM-011/Mercury/sys_tim011_mercury.vhd" line 337: Unconnected output port 'q10_14' of component 'sn74hc4040'.
WARNING:Xst:753 - "C:/Users/zoltanp/Documents/HexCalc/Sys_TIM-011/Sys_TIM-011/Mercury/sys_tim011_mercury.vhd" line 372: Unconnected output port 'q12_1' of component 'sn74hc4040'.
WARNING:Xst:753 - "C:/Users/zoltanp/Documents/HexCalc/Sys_TIM-011/Sys_TIM-011/Mercury/sys_tim011_mercury.vhd" line 372: Unconnected output port 'q10_14' of component 'sn74hc4040'.
WARNING:Xst:753 - "C:/Users/zoltanp/Documents/HexCalc/Sys_TIM-011/Sys_TIM-011/Mercury/sys_tim011_mercury.vhd" line 372: Unconnected output port 'q11_15' of component 'sn74hc4040'.
WARNING:Xst:753 - "C:/Users/zoltanp/Documents/HexCalc/Sys_TIM-011/Sys_TIM-011/Mercury/sys_tim011_mercury.vhd" line 389: Unconnected output port 'q12_1' of component 'sn74hc4040'.
WARNING:Xst:753 - "C:/Users/zoltanp/Documents/HexCalc/Sys_TIM-011/Sys_TIM-011/Mercury/sys_tim011_mercury.vhd" line 389: Unconnected output port 'q6_2' of component 'sn74hc4040'.
WARNING:Xst:753 - "C:/Users/zoltanp/Documents/HexCalc/Sys_TIM-011/Sys_TIM-011/Mercury/sys_tim011_mercury.vhd" line 389: Unconnected output port 'q5_3' of component 'sn74hc4040'.
WARNING:Xst:753 - "C:/Users/zoltanp/Documents/HexCalc/Sys_TIM-011/Sys_TIM-011/Mercury/sys_tim011_mercury.vhd" line 389: Unconnected output port 'q7_4' of component 'sn74hc4040'.
WARNING:Xst:753 - "C:/Users/zoltanp/Documents/HexCalc/Sys_TIM-011/Sys_TIM-011/Mercury/sys_tim011_mercury.vhd" line 389: Unconnected output port 'q4_5' of component 'sn74hc4040'.
WARNING:Xst:753 - "C:/Users/zoltanp/Documents/HexCalc/Sys_TIM-011/Sys_TIM-011/Mercury/sys_tim011_mercury.vhd" line 389: Unconnected output port 'q3_6' of component 'sn74hc4040'.
WARNING:Xst:753 - "C:/Users/zoltanp/Documents/HexCalc/Sys_TIM-011/Sys_TIM-011/Mercury/sys_tim011_mercury.vhd" line 389: Unconnected output port 'q2_7' of component 'sn74hc4040'.
WARNING:Xst:753 - "C:/Users/zoltanp/Documents/HexCalc/Sys_TIM-011/Sys_TIM-011/Mercury/sys_tim011_mercury.vhd" line 389: Unconnected output port 'q1_9' of component 'sn74hc4040'.
WARNING:Xst:753 - "C:/Users/zoltanp/Documents/HexCalc/Sys_TIM-011/Sys_TIM-011/Mercury/sys_tim011_mercury.vhd" line 389: Unconnected output port 'q9_12' of component 'sn74hc4040'.
WARNING:Xst:753 - "C:/Users/zoltanp/Documents/HexCalc/Sys_TIM-011/Sys_TIM-011/Mercury/sys_tim011_mercury.vhd" line 389: Unconnected output port 'q8_13' of component 'sn74hc4040'.
WARNING:Xst:753 - "C:/Users/zoltanp/Documents/HexCalc/Sys_TIM-011/Sys_TIM-011/Mercury/sys_tim011_mercury.vhd" line 389: Unconnected output port 'q10_14' of component 'sn74hc4040'.
INFO:Xst:1739 - HDL ADVISOR - "C:/Users/zoltanp/Documents/HexCalc/Sys_TIM-011/Sys_TIM-011/Mercury/sys_tim011_mercury.vhd" line 39: declaration of a buffer port will make it difficult for you to validate this design by simulation. It is preferable to declare it as output.
INFO:Xst:1739 - HDL ADVISOR - "C:/Users/zoltanp/Documents/HexCalc/Sys_TIM-011/Sys_TIM-011/Mercury/sys_tim011_mercury.vhd" line 39: declaration of a buffer port will make it difficult for you to validate this design by simulation. It is preferable to declare it as output.
Entity <sys_tim011_mercury> analyzed. Unit <sys_tim011_mercury> generated.

Analyzing Entity <sn74hc4040> in library <work> (Architecture <behavioral>).
Entity <sn74hc4040> analyzed. Unit <sn74hc4040> generated.

Analyzing Entity <debouncer8channel> in library <work> (Architecture <behavioral>).
Entity <debouncer8channel> analyzed. Unit <debouncer8channel> generated.

Analyzing Entity <debouncer> in library <work> (Architecture <behavioral>).
Entity <debouncer> analyzed. Unit <debouncer> generated.

Analyzing Entity <oneshot> in library <work> (Architecture <behavioral>).
Entity <oneshot> analyzed. Unit <oneshot> generated.

Analyzing Entity <interactivereg> in library <work> (Architecture <behavioral>).
Entity <interactivereg> analyzed. Unit <interactivereg> generated.

Analyzing Entity <fourdigitsevensegled> in library <work> (Architecture <structural>).
Entity <fourdigitsevensegled> analyzed. Unit <fourdigitsevensegled> generated.

Analyzing Entity <signalcounter> in library <work> (Architecture <behavioral>).
Entity <signalcounter> analyzed. Unit <signalcounter> generated.

Analyzing Entity <uart_receiver> in library <work> (Architecture <behavioral>).
INFO:Xst:1739 - HDL ADVISOR - "C:/Users/zoltanp/Documents/HexCalc/Sys_TIM-011/Sys_TIM-011/uart_receiver.vhd" line 35: declaration of a buffer port will make it difficult for you to validate this design by simulation. It is preferable to declare it as output.
INFO:Xst:1739 - HDL ADVISOR - "C:/Users/zoltanp/Documents/HexCalc/Sys_TIM-011/Sys_TIM-011/uart_receiver.vhd" line 35: declaration of a buffer port will make it difficult for you to validate this design by simulation. It is preferable to declare it as output.
Entity <uart_receiver> analyzed. Unit <uart_receiver> generated.

Analyzing Entity <Am82S62> in library <work> (Architecture <behavioral>).
Entity <Am82S62> analyzed. Unit <Am82S62> generated.


=========================================================================
*                           HDL Synthesis                               *
=========================================================================

Performing bidirectional port resolution...

Synthesizing Unit <sn74hc4040>.
    Related source file is "C:/Users/zoltanp/Documents/HexCalc/Sys_TIM-011/Sys_TIM-011/sn74hc4040.vhd".
    Found 12-bit up counter for signal <q>.
    Summary:
	inferred   1 Counter(s).
Unit <sn74hc4040> synthesized.


Synthesizing Unit <oneshot>.
    Related source file is "C:/Users/zoltanp/Documents/HexCalc/Sys_TIM-011/Sys_TIM-011/oneshot.vhd".
    Found 16-bit down counter for signal <counter>.
    Found 1-bit register for signal <trigger_prev>.
    Summary:
	inferred   1 Counter(s).
	inferred   1 D-type flip-flop(s).
Unit <oneshot> synthesized.


Synthesizing Unit <interactivereg>.
    Related source file is "C:/Users/zoltanp/Documents/HexCalc/Sys_TIM-011/Sys_TIM-011/interactivereg.vhd".
    Found 16-bit register for signal <value>.
    Found 16-bit adder for signal <$add0000> created at line 57.
    Found 16-bit subtractor for signal <$sub0000> created at line 59.
    Summary:
	inferred  16 D-type flip-flop(s).
	inferred   2 Adder/Subtractor(s).
Unit <interactivereg> synthesized.


Synthesizing Unit <fourdigitsevensegled>.
    Related source file is "C:/Users/zoltanp/Documents/HexCalc/Sys_TIM-011/Sys_TIM-011/Mercury/fourdigitsevensegled.vhd".
    Found 16x7-bit ROM for signal <internalseg>.
    Found 1-of-4 decoder for signal <anode>.
    Found 1-bit 4-to-1 multiplexer for signal <dot>.
    Summary:
	inferred   1 ROM(s).
	inferred   1 Multiplexer(s).
	inferred   1 Decoder(s).
Unit <fourdigitsevensegled> synthesized.


Synthesizing Unit <signalcounter>.
    Related source file is "C:/Users/zoltanp/Documents/HexCalc/Sys_TIM-011/Sys_TIM-011/signalcounter.vhd".
WARNING:Xst:646 - Signal <capture_lo<19:16>> is assigned but never used. This unconnected signal will be trimmed during the optimization process.
WARNING:Xst:646 - Signal <capture_hi<19:16>> is assigned but never used. This unconnected signal will be trimmed during the optimization process.
    Found 20-bit register for signal <capture_hi>.
    Found 20-bit register for signal <capture_lo>.
    Found 20-bit up counter for signal <cnt_hi>.
    Found 20-bit up counter for signal <cnt_lo>.
    Found 1-bit register for signal <previous_input>.
    Summary:
	inferred   2 Counter(s).
	inferred  41 D-type flip-flop(s).
Unit <signalcounter> synthesized.


Synthesizing Unit <debouncer>.
    Related source file is "C:/Users/zoltanp/Documents/HexCalc/Sys_TIM-011/Sys_TIM-011/debouncer.vhd".
    Found 1-bit register for signal <debounced>.
    Found 8-bit register for signal <shifter>.
    Summary:
	inferred   9 D-type flip-flop(s).
Unit <debouncer> synthesized.


Synthesizing Unit <Am82S62>.
    Related source file is "C:/Users/zoltanp/Documents/HexCalc/Sys_TIM-011/Sys_TIM-011/Am82S62.vhd".
    Found 1-bit xor4 for signal <p14$xor0000> created at line 45.
    Found 1-bit xor4 for signal <p58$xor0000> created at line 46.
    Summary:
	inferred   2 Xor(s).
Unit <Am82S62> synthesized.


Synthesizing Unit <debouncer8channel>.
    Related source file is "C:/Users/zoltanp/Documents/HexCalc/Sys_TIM-011/Sys_TIM-011/debouncer8channel.vhd".
Unit <debouncer8channel> synthesized.


Synthesizing Unit <uart_receiver>.
    Related source file is "C:/Users/zoltanp/Documents/HexCalc/Sys_TIM-011/Sys_TIM-011/uart_receiver.vhd".
WARNING:Xst:1305 - Output <debug> is never assigned. Tied to value 0000000000000000.
WARNING:Xst:1780 - Signal <rx_clk> is never used or assigned. This unconnected signal will be trimmed during the optimization process.
WARNING:Xst:646 - Signal <data<13:11>> is assigned but never used. This unconnected signal will be trimmed during the optimization process.
    Found 16-bit 4-to-1 multiplexer for signal <data>.
    Found 4-bit register for signal <delay>.
    Found 4-bit register for signal <ring>.
    Found 2-bit register for signal <sel>.
    Found 12-bit register for signal <sr2>.
    Found 12-bit register for signal <sr3>.
    Summary:
	inferred  30 D-type flip-flop(s).
	inferred  16 Multiplexer(s).
Unit <uart_receiver> synthesized.


Synthesizing Unit <sys_tim011_mercury>.
    Related source file is "C:/Users/zoltanp/Documents/HexCalc/Sys_TIM-011/Sys_TIM-011/Mercury/sys_tim011_mercury.vhd".
WARNING:Xst:2565 - Inout <PMOD<4>> is never assigned.
WARNING:Xst:2565 - Inout <PMOD<5>> is never assigned.
WARNING:Xst:2565 - Inout <PMOD<7>> is never assigned.
WARNING:Xst:646 - Signal <vsync_cnt> is assigned but never used. This unconnected signal will be trimmed during the optimization process.
WARNING:Xst:1780 - Signal <vm_wr> is never used or assigned. This unconnected signal will be trimmed during the optimization process.
WARNING:Xst:1780 - Signal <vm_rd> is never used or assigned. This unconnected signal will be trimmed during the optimization process.
WARNING:Xst:1780 - Signal <vm_en> is never used or assigned. This unconnected signal will be trimmed during the optimization process.
WARNING:Xst:1780 - Signal <test_static> is never used or assigned. This unconnected signal will be trimmed during the optimization process.
WARNING:Xst:1780 - Signal <test_scroll> is never used or assigned. This unconnected signal will be trimmed during the optimization process.
WARNING:Xst:1780 - Signal <test_dynamic> is never used or assigned. This unconnected signal will be trimmed during the optimization process.
WARNING:Xst:646 - Signal <hsync_cnt> is assigned but never used. This unconnected signal will be trimmed during the optimization process.
WARNING:Xst:1780 - Signal <h> is never used or assigned. This unconnected signal will be trimmed during the optimization process.
WARNING:Xst:653 - Signal <gr_vsync> is used but never assigned. This sourceless signal will be automatically connected to value 0.
WARNING:Xst:653 - Signal <gr_vid2> is used but never assigned. This sourceless signal will be automatically connected to value 0.
WARNING:Xst:653 - Signal <gr_vid1> is used but never assigned. This sourceless signal will be automatically connected to value 0.
WARNING:Xst:653 - Signal <gr_hsync> is used but never assigned. This sourceless signal will be automatically connected to value 0.
WARNING:Xst:1780 - Signal <freq_uart> is never used or assigned. This unconnected signal will be trimmed during the optimization process.
WARNING:Xst:646 - Signal <freq9600> is assigned but never used. This unconnected signal will be trimmed during the optimization process.
WARNING:Xst:646 - Signal <freq76800> is assigned but never used. This unconnected signal will be trimmed during the optimization process.
WARNING:Xst:646 - Signal <freq600> is assigned but never used. This unconnected signal will be trimmed during the optimization process.
WARNING:Xst:646 - Signal <freq4800> is assigned but never used. This unconnected signal will be trimmed during the optimization process.
WARNING:Xst:646 - Signal <freq38400> is assigned but never used. This unconnected signal will be trimmed during the optimization process.
WARNING:Xst:646 - Signal <freq300> is assigned but never used. This unconnected signal will be trimmed during the optimization process.
WARNING:Xst:646 - Signal <freq25M> is assigned but never used. This unconnected signal will be trimmed during the optimization process.
WARNING:Xst:646 - Signal <freq2400> is assigned but never used. This unconnected signal will be trimmed during the optimization process.
WARNING:Xst:646 - Signal <freq12M5> is assigned but never used. This unconnected signal will be trimmed during the optimization process.
WARNING:Xst:646 - Signal <frame_valid> is assigned but never used. This unconnected signal will be trimmed during the optimization process.
WARNING:Xst:1780 - Signal <digsel0_delayed> is never used or assigned. This unconnected signal will be trimmed during the optimization process.
WARNING:Xst:646 - Signal <debug> is assigned but never used. This unconnected signal will be trimmed during the optimization process.
WARNING:Xst:646 - Signal <data> is assigned but never used. This unconnected signal will be trimmed during the optimization process.
WARNING:Xst:646 - Signal <button<7:2>> is assigned but never used. This unconnected signal will be trimmed during the optimization process.
WARNING:Xst:1781 - Signal <bgr> is used but never assigned. Tied to default value.
WARNING:Xst:653 - Signal <DD> is used but never assigned. This sourceless signal will be automatically connected to value 00000000.
WARNING:Xst:653 - Signal <D> is used but never assigned. This sourceless signal will be automatically connected to value 00000000.
WARNING:Xst:653 - Signal <A> is used but never assigned. This sourceless signal will be automatically connected to value 0000000000000000.
    Found 16x3-bit ROM for signal <PMOD_2_0$varindex0000> created at line 476.
    Found 1-bit xor2 for signal <PMOD<3>>.
    Found 1-bit register for signal <freq153600>.
    Found 1-bit register for signal <freq4096>.
    Found 4-bit 16-to-1 multiplexer for signal <hexdata>.
    Found 1-bit 4-to-1 multiplexer for signal <out_hsync>.
    Found 1-bit 4-to-1 multiplexer for signal <out_vsync>.
    Found 16-bit down counter for signal <prescale_baud>.
    Found 16-bit down counter for signal <prescale_power>.
    Summary:
	inferred   1 ROM(s).
	inferred   2 Counter(s).
	inferred   2 D-type flip-flop(s).
	inferred   6 Multiplexer(s).
Unit <sys_tim011_mercury> synthesized.


=========================================================================
HDL Synthesis Report

Macro Statistics
# ROMs                                                 : 2
 16x3-bit ROM                                          : 1
 16x7-bit ROM                                          : 1
# Adders/Subtractors                                   : 4
 16-bit adder                                          : 2
 16-bit subtractor                                     : 2
# Counters                                             : 11
 12-bit up counter                                     : 3
 16-bit down counter                                   : 4
 20-bit up counter                                     : 4
# Registers                                            : 192
 1-bit register                                        : 184
 12-bit register                                       : 2
 20-bit register                                       : 4
 4-bit register                                        : 2
# Multiplexers                                         : 5
 1-bit 4-to-1 multiplexer                              : 3
 16-bit 4-to-1 multiplexer                             : 1
 4-bit 16-to-1 multiplexer                             : 1
# Decoders                                             : 1
 1-of-4 decoder                                        : 1
# Xors                                                 : 5
 1-bit xor2                                            : 1
 1-bit xor4                                            : 4

=========================================================================

=========================================================================
*                       Advanced HDL Synthesis                          *
=========================================================================

WARNING:Xst:1290 - Hierarchical block <channel_generate[2].di> is unconnected in block <debounce_btn>.
   It will be removed from the design.
WARNING:Xst:1290 - Hierarchical block <channel_generate[3].di> is unconnected in block <debounce_btn>.
   It will be removed from the design.
WARNING:Xst:1290 - Hierarchical block <channel_generate[4].di> is unconnected in block <debounce_btn>.
   It will be removed from the design.
WARNING:Xst:1290 - Hierarchical block <channel_generate[5].di> is unconnected in block <debounce_btn>.
   It will be removed from the design.
WARNING:Xst:1290 - Hierarchical block <channel_generate[6].di> is unconnected in block <debounce_btn>.
   It will be removed from the design.
WARNING:Xst:1290 - Hierarchical block <channel_generate[7].di> is unconnected in block <debounce_btn>.
   It will be removed from the design.
WARNING:Xst:1290 - Hierarchical block <cnt_hsync> is unconnected in block <sys_tim011_mercury>.
   It will be removed from the design.
WARNING:Xst:1290 - Hierarchical block <cnt_vsync> is unconnected in block <sys_tim011_mercury>.
   It will be removed from the design.
WARNING:Xst:1290 - Hierarchical block <serin> is unconnected in block <sys_tim011_mercury>.
   It will be removed from the design.
WARNING:Xst:1710 - FF/Latch <value_0> (without init value) has a constant value of 0 in block <v_shot_reg>. This FF/Latch will be trimmed during the optimization process.
WARNING:Xst:1710 - FF/Latch <value_1> (without init value) has a constant value of 0 in block <v_shot_reg>. This FF/Latch will be trimmed during the optimization process.
WARNING:Xst:1710 - FF/Latch <value_2> (without init value) has a constant value of 0 in block <v_shot_reg>. This FF/Latch will be trimmed during the optimization process.
WARNING:Xst:1710 - FF/Latch <value_3> (without init value) has a constant value of 0 in block <v_shot_reg>. This FF/Latch will be trimmed during the optimization process.
WARNING:Xst:1710 - FF/Latch <value_4> (without init value) has a constant value of 0 in block <v_shot_reg>. This FF/Latch will be trimmed during the optimization process.
WARNING:Xst:1710 - FF/Latch <value_5> (without init value) has a constant value of 0 in block <v_shot_reg>. This FF/Latch will be trimmed during the optimization process.
WARNING:Xst:1710 - FF/Latch <value_6> (without init value) has a constant value of 0 in block <v_shot_reg>. This FF/Latch will be trimmed during the optimization process.
WARNING:Xst:1710 - FF/Latch <value_7> (without init value) has a constant value of 0 in block <v_shot_reg>. This FF/Latch will be trimmed during the optimization process.
WARNING:Xst:1710 - FF/Latch <value_8> (without init value) has a constant value of 0 in block <v_shot_reg>. This FF/Latch will be trimmed during the optimization process.
WARNING:Xst:1710 - FF/Latch <value_10> (without init value) has a constant value of 0 in block <v_shot_reg>. This FF/Latch will be trimmed during the optimization process.
WARNING:Xst:1710 - FF/Latch <value_11> (without init value) has a constant value of 0 in block <v_shot_reg>. This FF/Latch will be trimmed during the optimization process.
WARNING:Xst:1710 - FF/Latch <value_12> (without init value) has a constant value of 0 in block <v_shot_reg>. This FF/Latch will be trimmed during the optimization process.
WARNING:Xst:1710 - FF/Latch <value_13> (without init value) has a constant value of 0 in block <v_shot_reg>. This FF/Latch will be trimmed during the optimization process.
WARNING:Xst:1710 - FF/Latch <value_14> (without init value) has a constant value of 0 in block <v_shot_reg>. This FF/Latch will be trimmed during the optimization process.
WARNING:Xst:1710 - FF/Latch <value_15> (without init value) has a constant value of 0 in block <v_shot_reg>. This FF/Latch will be trimmed during the optimization process.
WARNING:Xst:1710 - FF/Latch <value_1> (without init value) has a constant value of 0 in block <h_shot_reg>. This FF/Latch will be trimmed during the optimization process.
WARNING:Xst:1710 - FF/Latch <value_4> (without init value) has a constant value of 0 in block <h_shot_reg>. This FF/Latch will be trimmed during the optimization process.
WARNING:Xst:1710 - FF/Latch <value_6> (without init value) has a constant value of 0 in block <h_shot_reg>. This FF/Latch will be trimmed during the optimization process.
WARNING:Xst:1710 - FF/Latch <value_8> (without init value) has a constant value of 0 in block <h_shot_reg>. This FF/Latch will be trimmed during the optimization process.
WARNING:Xst:1710 - FF/Latch <value_9> (without init value) has a constant value of 0 in block <h_shot_reg>. This FF/Latch will be trimmed during the optimization process.
WARNING:Xst:1710 - FF/Latch <value_10> (without init value) has a constant value of 0 in block <h_shot_reg>. This FF/Latch will be trimmed during the optimization process.
WARNING:Xst:1710 - FF/Latch <value_11> (without init value) has a constant value of 0 in block <h_shot_reg>. This FF/Latch will be trimmed during the optimization process.
WARNING:Xst:1710 - FF/Latch <value_12> (without init value) has a constant value of 0 in block <h_shot_reg>. This FF/Latch will be trimmed during the optimization process.
WARNING:Xst:1710 - FF/Latch <value_13> (without init value) has a constant value of 0 in block <h_shot_reg>. This FF/Latch will be trimmed during the optimization process.
WARNING:Xst:1710 - FF/Latch <value_14> (without init value) has a constant value of 0 in block <h_shot_reg>. This FF/Latch will be trimmed during the optimization process.
WARNING:Xst:1710 - FF/Latch <value_15> (without init value) has a constant value of 0 in block <h_shot_reg>. This FF/Latch will be trimmed during the optimization process.
WARNING:Xst:2677 - Node <capture_lo_16> of sequential type is unconnected in block <signalcounter>.
WARNING:Xst:2677 - Node <capture_lo_17> of sequential type is unconnected in block <signalcounter>.
WARNING:Xst:2677 - Node <capture_lo_18> of sequential type is unconnected in block <signalcounter>.
WARNING:Xst:2677 - Node <capture_lo_19> of sequential type is unconnected in block <signalcounter>.
WARNING:Xst:2677 - Node <capture_hi_16> of sequential type is unconnected in block <signalcounter>.
WARNING:Xst:2677 - Node <capture_hi_17> of sequential type is unconnected in block <signalcounter>.
WARNING:Xst:2677 - Node <capture_hi_18> of sequential type is unconnected in block <signalcounter>.
WARNING:Xst:2677 - Node <capture_hi_19> of sequential type is unconnected in block <signalcounter>.

=========================================================================
Advanced HDL Synthesis Report

Macro Statistics
# ROMs                                                 : 2
 16x3-bit ROM                                          : 1
 16x7-bit ROM                                          : 1
# Adders/Subtractors                                   : 4
 16-bit adder                                          : 2
 16-bit subtractor                                     : 2
# Counters                                             : 11
 12-bit up counter                                     : 3
 16-bit down counter                                   : 4
 20-bit up counter                                     : 4
# Registers                                            : 280
 Flip-Flops                                            : 280
# Multiplexers                                         : 5
 1-bit 4-to-1 multiplexer                              : 3
 16-bit 4-to-1 multiplexer                             : 1
 4-bit 16-to-1 multiplexer                             : 1
# Decoders                                             : 1
 1-of-4 decoder                                        : 1
# Xors                                                 : 5
 1-bit xor2                                            : 1
 1-bit xor4                                            : 4

=========================================================================

=========================================================================
*                         Low Level Synthesis                           *
=========================================================================
INFO:Xst:2261 - The FF/Latch <v_shot/trigger_prev> in Unit <sys_tim011_mercury> is equivalent to the following FF/Latch, which will be removed : <h_shot/trigger_prev> 
WARNING:Xst:1710 - FF/Latch <h_shot_reg/value_13> (without init value) has a constant value of 0 in block <sys_tim011_mercury>. This FF/Latch will be trimmed during the optimization process.
WARNING:Xst:1895 - Due to other FF/Latch trimming, FF/Latch <h_shot_reg/value_15> (without init value) has a constant value of 0 in block <sys_tim011_mercury>. This FF/Latch will be trimmed during the optimization process.
WARNING:Xst:1895 - Due to other FF/Latch trimming, FF/Latch <h_shot_reg/value_14> (without init value) has a constant value of 0 in block <sys_tim011_mercury>. This FF/Latch will be trimmed during the optimization process.
WARNING:Xst:1895 - Due to other FF/Latch trimming, FF/Latch <h_shot_reg/value_12> (without init value) has a constant value of 0 in block <sys_tim011_mercury>. This FF/Latch will be trimmed during the optimization process.
WARNING:Xst:1895 - Due to other FF/Latch trimming, FF/Latch <h_shot_reg/value_11> (without init value) has a constant value of 0 in block <sys_tim011_mercury>. This FF/Latch will be trimmed during the optimization process.
WARNING:Xst:1895 - Due to other FF/Latch trimming, FF/Latch <h_shot_reg/value_10> (without init value) has a constant value of 0 in block <sys_tim011_mercury>. This FF/Latch will be trimmed during the optimization process.
WARNING:Xst:1895 - Due to other FF/Latch trimming, FF/Latch <h_shot_reg/value_9> (without init value) has a constant value of 0 in block <sys_tim011_mercury>. This FF/Latch will be trimmed during the optimization process.
WARNING:Xst:1895 - Due to other FF/Latch trimming, FF/Latch <h_shot_reg/value_8> (without init value) has a constant value of 0 in block <sys_tim011_mercury>. This FF/Latch will be trimmed during the optimization process.
WARNING:Xst:1895 - Due to other FF/Latch trimming, FF/Latch <h_shot_reg/value_4> (without init value) has a constant value of 0 in block <sys_tim011_mercury>. This FF/Latch will be trimmed during the optimization process.
WARNING:Xst:1895 - Due to other FF/Latch trimming, FF/Latch <h_shot_reg/value_6> (without init value) has a constant value of 0 in block <sys_tim011_mercury>. This FF/Latch will be trimmed during the optimization process.
WARNING:Xst:1895 - Due to other FF/Latch trimming, FF/Latch <h_shot_reg/value_1> (without init value) has a constant value of 0 in block <sys_tim011_mercury>. This FF/Latch will be trimmed during the optimization process.
WARNING:Xst:1895 - Due to other FF/Latch trimming, FF/Latch <v_shot_reg/value_13> (without init value) has a constant value of 0 in block <sys_tim011_mercury>. This FF/Latch will be trimmed during the optimization process.
WARNING:Xst:1895 - Due to other FF/Latch trimming, FF/Latch <v_shot_reg/value_15> (without init value) has a constant value of 0 in block <sys_tim011_mercury>. This FF/Latch will be trimmed during the optimization process.
WARNING:Xst:1895 - Due to other FF/Latch trimming, FF/Latch <v_shot_reg/value_14> (without init value) has a constant value of 0 in block <sys_tim011_mercury>. This FF/Latch will be trimmed during the optimization process.
WARNING:Xst:1895 - Due to other FF/Latch trimming, FF/Latch <v_shot_reg/value_12> (without init value) has a constant value of 0 in block <sys_tim011_mercury>. This FF/Latch will be trimmed during the optimization process.
WARNING:Xst:1895 - Due to other FF/Latch trimming, FF/Latch <v_shot_reg/value_11> (without init value) has a constant value of 0 in block <sys_tim011_mercury>. This FF/Latch will be trimmed during the optimization process.
WARNING:Xst:1895 - Due to other FF/Latch trimming, FF/Latch <v_shot_reg/value_10> (without init value) has a constant value of 0 in block <sys_tim011_mercury>. This FF/Latch will be trimmed during the optimization process.
WARNING:Xst:1895 - Due to other FF/Latch trimming, FF/Latch <v_shot_reg/value_8> (without init value) has a constant value of 0 in block <sys_tim011_mercury>. This FF/Latch will be trimmed during the optimization process.
WARNING:Xst:1895 - Due to other FF/Latch trimming, FF/Latch <v_shot_reg/value_7> (without init value) has a constant value of 0 in block <sys_tim011_mercury>. This FF/Latch will be trimmed during the optimization process.
WARNING:Xst:1895 - Due to other FF/Latch trimming, FF/Latch <v_shot_reg/value_4> (without init value) has a constant value of 0 in block <sys_tim011_mercury>. This FF/Latch will be trimmed during the optimization process.
WARNING:Xst:1895 - Due to other FF/Latch trimming, FF/Latch <v_shot_reg/value_6> (without init value) has a constant value of 0 in block <sys_tim011_mercury>. This FF/Latch will be trimmed during the optimization process.
WARNING:Xst:1895 - Due to other FF/Latch trimming, FF/Latch <v_shot_reg/value_5> (without init value) has a constant value of 0 in block <sys_tim011_mercury>. This FF/Latch will be trimmed during the optimization process.
WARNING:Xst:1895 - Due to other FF/Latch trimming, FF/Latch <v_shot_reg/value_3> (without init value) has a constant value of 0 in block <sys_tim011_mercury>. This FF/Latch will be trimmed during the optimization process.
WARNING:Xst:1895 - Due to other FF/Latch trimming, FF/Latch <v_shot_reg/value_2> (without init value) has a constant value of 0 in block <sys_tim011_mercury>. This FF/Latch will be trimmed during the optimization process.
WARNING:Xst:1895 - Due to other FF/Latch trimming, FF/Latch <v_shot_reg/value_1> (without init value) has a constant value of 0 in block <sys_tim011_mercury>. This FF/Latch will be trimmed during the optimization process.
WARNING:Xst:1895 - Due to other FF/Latch trimming, FF/Latch <v_shot_reg/value_0> (without init value) has a constant value of 0 in block <sys_tim011_mercury>. This FF/Latch will be trimmed during the optimization process.
WARNING:Xst:1895 - Due to other FF/Latch trimming, FF/Latch <v_shot/trigger_prev> (without init value) has a constant value of 0 in block <sys_tim011_mercury>. This FF/Latch will be trimmed during the optimization process.
WARNING:Xst:2677 - Node <cnt_lo_16> of sequential type is unconnected in block <signalcounter>.
WARNING:Xst:2677 - Node <cnt_lo_17> of sequential type is unconnected in block <signalcounter>.
WARNING:Xst:2677 - Node <cnt_lo_18> of sequential type is unconnected in block <signalcounter>.
WARNING:Xst:2677 - Node <cnt_lo_19> of sequential type is unconnected in block <signalcounter>.
WARNING:Xst:2677 - Node <cnt_hi_16> of sequential type is unconnected in block <signalcounter>.
WARNING:Xst:2677 - Node <cnt_hi_17> of sequential type is unconnected in block <signalcounter>.
WARNING:Xst:2677 - Node <cnt_hi_18> of sequential type is unconnected in block <signalcounter>.
WARNING:Xst:2677 - Node <cnt_hi_19> of sequential type is unconnected in block <signalcounter>.
WARNING:Xst:2677 - Node <sr2_11> of sequential type is unconnected in block <uart_receiver>.
WARNING:Xst:2677 - Node <sr3_11> of sequential type is unconnected in block <uart_receiver>.
WARNING:Xst:2677 - Node <powergen/q_12> of sequential type is unconnected in block <sys_tim011_mercury>.
WARNING:Xst:2677 - Node <baudgen/q_8> of sequential type is unconnected in block <sys_tim011_mercury>.
WARNING:Xst:2677 - Node <baudgen/q_9> of sequential type is unconnected in block <sys_tim011_mercury>.
WARNING:Xst:2677 - Node <baudgen/q_10> of sequential type is unconnected in block <sys_tim011_mercury>.
WARNING:Xst:2677 - Node <baudgen/q_11> of sequential type is unconnected in block <sys_tim011_mercury>.
WARNING:Xst:2677 - Node <baudgen/q_12> of sequential type is unconnected in block <sys_tim011_mercury>.

Optimizing unit <sys_tim011_mercury> ...

Optimizing unit <signalcounter> ...

Optimizing unit <debouncer> ...

Optimizing unit <debouncer8channel> ...

Optimizing unit <uart_receiver> ...
WARNING:Xst:2677 - Node <baudgen/q_4> of sequential type is unconnected in block <sys_tim011_mercury>.
WARNING:Xst:2677 - Node <baudgen/q_5> of sequential type is unconnected in block <sys_tim011_mercury>.
WARNING:Xst:2677 - Node <baudgen/q_6> of sequential type is unconnected in block <sys_tim011_mercury>.
WARNING:Xst:2677 - Node <baudgen/q_7> of sequential type is unconnected in block <sys_tim011_mercury>.
WARNING:Xst:2677 - Node <cnt_vsync/cnt_hi_15> of sequential type is unconnected in block <sys_tim011_mercury>.
WARNING:Xst:2677 - Node <cnt_vsync/cnt_hi_14> of sequential type is unconnected in block <sys_tim011_mercury>.
WARNING:Xst:2677 - Node <cnt_vsync/cnt_hi_13> of sequential type is unconnected in block <sys_tim011_mercury>.
WARNING:Xst:2677 - Node <cnt_vsync/cnt_hi_12> of sequential type is unconnected in block <sys_tim011_mercury>.
WARNING:Xst:2677 - Node <cnt_vsync/cnt_hi_11> of sequential type is unconnected in block <sys_tim011_mercury>.
WARNING:Xst:2677 - Node <cnt_vsync/cnt_hi_10> of sequential type is unconnected in block <sys_tim011_mercury>.
WARNING:Xst:2677 - Node <cnt_vsync/cnt_hi_9> of sequential type is unconnected in block <sys_tim011_mercury>.
WARNING:Xst:2677 - Node <cnt_vsync/cnt_hi_8> of sequential type is unconnected in block <sys_tim011_mercury>.
WARNING:Xst:2677 - Node <cnt_vsync/cnt_hi_7> of sequential type is unconnected in block <sys_tim011_mercury>.
WARNING:Xst:2677 - Node <cnt_vsync/cnt_hi_6> of sequential type is unconnected in block <sys_tim011_mercury>.
WARNING:Xst:2677 - Node <cnt_vsync/cnt_hi_5> of sequential type is unconnected in block <sys_tim011_mercury>.
WARNING:Xst:2677 - Node <cnt_vsync/cnt_hi_4> of sequential type is unconnected in block <sys_tim011_mercury>.
WARNING:Xst:2677 - Node <cnt_vsync/cnt_hi_3> of sequential type is unconnected in block <sys_tim011_mercury>.
WARNING:Xst:2677 - Node <cnt_vsync/cnt_hi_2> of sequential type is unconnected in block <sys_tim011_mercury>.
WARNING:Xst:2677 - Node <cnt_vsync/cnt_hi_1> of sequential type is unconnected in block <sys_tim011_mercury>.
WARNING:Xst:2677 - Node <cnt_vsync/cnt_hi_0> of sequential type is unconnected in block <sys_tim011_mercury>.
WARNING:Xst:2677 - Node <cnt_vsync/cnt_lo_15> of sequential type is unconnected in block <sys_tim011_mercury>.
WARNING:Xst:2677 - Node <cnt_vsync/cnt_lo_14> of sequential type is unconnected in block <sys_tim011_mercury>.
WARNING:Xst:2677 - Node <cnt_vsync/cnt_lo_13> of sequential type is unconnected in block <sys_tim011_mercury>.
WARNING:Xst:2677 - Node <cnt_vsync/cnt_lo_12> of sequential type is unconnected in block <sys_tim011_mercury>.
WARNING:Xst:2677 - Node <cnt_vsync/cnt_lo_11> of sequential type is unconnected in block <sys_tim011_mercury>.
WARNING:Xst:2677 - Node <cnt_vsync/cnt_lo_10> of sequential type is unconnected in block <sys_tim011_mercury>.
WARNING:Xst:2677 - Node <cnt_vsync/cnt_lo_9> of sequential type is unconnected in block <sys_tim011_mercury>.
WARNING:Xst:2677 - Node <cnt_vsync/cnt_lo_8> of sequential type is unconnected in block <sys_tim011_mercury>.
WARNING:Xst:2677 - Node <cnt_vsync/cnt_lo_7> of sequential type is unconnected in block <sys_tim011_mercury>.
WARNING:Xst:2677 - Node <cnt_vsync/cnt_lo_6> of sequential type is unconnected in block <sys_tim011_mercury>.
WARNING:Xst:2677 - Node <cnt_vsync/cnt_lo_5> of sequential type is unconnected in block <sys_tim011_mercury>.
WARNING:Xst:2677 - Node <cnt_vsync/cnt_lo_4> of sequential type is unconnected in block <sys_tim011_mercury>.
WARNING:Xst:2677 - Node <cnt_vsync/cnt_lo_3> of sequential type is unconnected in block <sys_tim011_mercury>.
WARNING:Xst:2677 - Node <cnt_vsync/cnt_lo_2> of sequential type is unconnected in block <sys_tim011_mercury>.
WARNING:Xst:2677 - Node <cnt_vsync/cnt_lo_1> of sequential type is unconnected in block <sys_tim011_mercury>.
WARNING:Xst:2677 - Node <cnt_vsync/cnt_lo_0> of sequential type is unconnected in block <sys_tim011_mercury>.
WARNING:Xst:2677 - Node <cnt_vsync/capture_hi_15> of sequential type is unconnected in block <sys_tim011_mercury>.
WARNING:Xst:2677 - Node <cnt_vsync/capture_hi_14> of sequential type is unconnected in block <sys_tim011_mercury>.
WARNING:Xst:2677 - Node <cnt_vsync/capture_hi_13> of sequential type is unconnected in block <sys_tim011_mercury>.
WARNING:Xst:2677 - Node <cnt_vsync/capture_hi_12> of sequential type is unconnected in block <sys_tim011_mercury>.
WARNING:Xst:2677 - Node <cnt_vsync/capture_hi_11> of sequential type is unconnected in block <sys_tim011_mercury>.
WARNING:Xst:2677 - Node <cnt_vsync/capture_hi_10> of sequential type is unconnected in block <sys_tim011_mercury>.
WARNING:Xst:2677 - Node <cnt_vsync/capture_hi_9> of sequential type is unconnected in block <sys_tim011_mercury>.
WARNING:Xst:2677 - Node <cnt_vsync/capture_hi_8> of sequential type is unconnected in block <sys_tim011_mercury>.
WARNING:Xst:2677 - Node <cnt_vsync/capture_hi_7> of sequential type is unconnected in block <sys_tim011_mercury>.
WARNING:Xst:2677 - Node <cnt_vsync/capture_hi_6> of sequential type is unconnected in block <sys_tim011_mercury>.
WARNING:Xst:2677 - Node <cnt_vsync/capture_hi_5> of sequential type is unconnected in block <sys_tim011_mercury>.
WARNING:Xst:2677 - Node <cnt_vsync/capture_hi_4> of sequential type is unconnected in block <sys_tim011_mercury>.
WARNING:Xst:2677 - Node <cnt_vsync/capture_hi_3> of sequential type is unconnected in block <sys_tim011_mercury>.
WARNING:Xst:2677 - Node <cnt_vsync/capture_hi_2> of sequential type is unconnected in block <sys_tim011_mercury>.
WARNING:Xst:2677 - Node <cnt_vsync/capture_hi_1> of sequential type is unconnected in block <sys_tim011_mercury>.
WARNING:Xst:2677 - Node <cnt_vsync/capture_hi_0> of sequential type is unconnected in block <sys_tim011_mercury>.
WARNING:Xst:2677 - Node <cnt_vsync/capture_lo_15> of sequential type is unconnected in block <sys_tim011_mercury>.
WARNING:Xst:2677 - Node <cnt_vsync/capture_lo_14> of sequential type is unconnected in block <sys_tim011_mercury>.
WARNING:Xst:2677 - Node <cnt_vsync/capture_lo_13> of sequential type is unconnected in block <sys_tim011_mercury>.
WARNING:Xst:2677 - Node <cnt_vsync/capture_lo_12> of sequential type is unconnected in block <sys_tim011_mercury>.
WARNING:Xst:2677 - Node <cnt_vsync/capture_lo_11> of sequential type is unconnected in block <sys_tim011_mercury>.
WARNING:Xst:2677 - Node <cnt_vsync/capture_lo_10> of sequential type is unconnected in block <sys_tim011_mercury>.
WARNING:Xst:2677 - Node <cnt_vsync/capture_lo_9> of sequential type is unconnected in block <sys_tim011_mercury>.
WARNING:Xst:2677 - Node <cnt_vsync/capture_lo_8> of sequential type is unconnected in block <sys_tim011_mercury>.
WARNING:Xst:2677 - Node <cnt_vsync/capture_lo_7> of sequential type is unconnected in block <sys_tim011_mercury>.
WARNING:Xst:2677 - Node <cnt_vsync/capture_lo_6> of sequential type is unconnected in block <sys_tim011_mercury>.
WARNING:Xst:2677 - Node <cnt_vsync/capture_lo_5> of sequential type is unconnected in block <sys_tim011_mercury>.
WARNING:Xst:2677 - Node <cnt_vsync/capture_lo_4> of sequential type is unconnected in block <sys_tim011_mercury>.
WARNING:Xst:2677 - Node <cnt_vsync/capture_lo_3> of sequential type is unconnected in block <sys_tim011_mercury>.
WARNING:Xst:2677 - Node <cnt_vsync/capture_lo_2> of sequential type is unconnected in block <sys_tim011_mercury>.
WARNING:Xst:2677 - Node <cnt_vsync/capture_lo_1> of sequential type is unconnected in block <sys_tim011_mercury>.
WARNING:Xst:2677 - Node <cnt_vsync/capture_lo_0> of sequential type is unconnected in block <sys_tim011_mercury>.
WARNING:Xst:2677 - Node <cnt_vsync/previous_input> of sequential type is unconnected in block <sys_tim011_mercury>.
WARNING:Xst:2677 - Node <cnt_hsync/cnt_hi_15> of sequential type is unconnected in block <sys_tim011_mercury>.
WARNING:Xst:2677 - Node <cnt_hsync/cnt_hi_14> of sequential type is unconnected in block <sys_tim011_mercury>.
WARNING:Xst:2677 - Node <cnt_hsync/cnt_hi_13> of sequential type is unconnected in block <sys_tim011_mercury>.
WARNING:Xst:2677 - Node <cnt_hsync/cnt_hi_12> of sequential type is unconnected in block <sys_tim011_mercury>.
WARNING:Xst:2677 - Node <cnt_hsync/cnt_hi_11> of sequential type is unconnected in block <sys_tim011_mercury>.
WARNING:Xst:2677 - Node <cnt_hsync/cnt_hi_10> of sequential type is unconnected in block <sys_tim011_mercury>.
WARNING:Xst:2677 - Node <cnt_hsync/cnt_hi_9> of sequential type is unconnected in block <sys_tim011_mercury>.
WARNING:Xst:2677 - Node <cnt_hsync/cnt_hi_8> of sequential type is unconnected in block <sys_tim011_mercury>.
WARNING:Xst:2677 - Node <cnt_hsync/cnt_hi_7> of sequential type is unconnected in block <sys_tim011_mercury>.
WARNING:Xst:2677 - Node <cnt_hsync/cnt_hi_6> of sequential type is unconnected in block <sys_tim011_mercury>.
WARNING:Xst:2677 - Node <cnt_hsync/cnt_hi_5> of sequential type is unconnected in block <sys_tim011_mercury>.
WARNING:Xst:2677 - Node <cnt_hsync/cnt_hi_4> of sequential type is unconnected in block <sys_tim011_mercury>.
WARNING:Xst:2677 - Node <cnt_hsync/cnt_hi_3> of sequential type is unconnected in block <sys_tim011_mercury>.
WARNING:Xst:2677 - Node <cnt_hsync/cnt_hi_2> of sequential type is unconnected in block <sys_tim011_mercury>.
WARNING:Xst:2677 - Node <cnt_hsync/cnt_hi_1> of sequential type is unconnected in block <sys_tim011_mercury>.
WARNING:Xst:2677 - Node <cnt_hsync/cnt_hi_0> of sequential type is unconnected in block <sys_tim011_mercury>.
WARNING:Xst:2677 - Node <cnt_hsync/cnt_lo_15> of sequential type is unconnected in block <sys_tim011_mercury>.
WARNING:Xst:2677 - Node <cnt_hsync/cnt_lo_14> of sequential type is unconnected in block <sys_tim011_mercury>.
WARNING:Xst:2677 - Node <cnt_hsync/cnt_lo_13> of sequential type is unconnected in block <sys_tim011_mercury>.
WARNING:Xst:2677 - Node <cnt_hsync/cnt_lo_12> of sequential type is unconnected in block <sys_tim011_mercury>.
WARNING:Xst:2677 - Node <cnt_hsync/cnt_lo_11> of sequential type is unconnected in block <sys_tim011_mercury>.
WARNING:Xst:2677 - Node <cnt_hsync/cnt_lo_10> of sequential type is unconnected in block <sys_tim011_mercury>.
WARNING:Xst:2677 - Node <cnt_hsync/cnt_lo_9> of sequential type is unconnected in block <sys_tim011_mercury>.
WARNING:Xst:2677 - Node <cnt_hsync/cnt_lo_8> of sequential type is unconnected in block <sys_tim011_mercury>.
WARNING:Xst:2677 - Node <cnt_hsync/cnt_lo_7> of sequential type is unconnected in block <sys_tim011_mercury>.
WARNING:Xst:2677 - Node <cnt_hsync/cnt_lo_6> of sequential type is unconnected in block <sys_tim011_mercury>.
WARNING:Xst:2677 - Node <cnt_hsync/cnt_lo_5> of sequential type is unconnected in block <sys_tim011_mercury>.
WARNING:Xst:2677 - Node <cnt_hsync/cnt_lo_4> of sequential type is unconnected in block <sys_tim011_mercury>.
WARNING:Xst:2677 - Node <cnt_hsync/cnt_lo_3> of sequential type is unconnected in block <sys_tim011_mercury>.
WARNING:Xst:2677 - Node <cnt_hsync/cnt_lo_2> of sequential type is unconnected in block <sys_tim011_mercury>.
WARNING:Xst:2677 - Node <cnt_hsync/cnt_lo_1> of sequential type is unconnected in block <sys_tim011_mercury>.
WARNING:Xst:2677 - Node <cnt_hsync/cnt_lo_0> of sequential type is unconnected in block <sys_tim011_mercury>.
WARNING:Xst:2677 - Node <cnt_hsync/capture_hi_15> of sequential type is unconnected in block <sys_tim011_mercury>.
WARNING:Xst:2677 - Node <cnt_hsync/capture_hi_14> of sequential type is unconnected in block <sys_tim011_mercury>.
WARNING:Xst:2677 - Node <cnt_hsync/capture_hi_13> of sequential type is unconnected in block <sys_tim011_mercury>.
WARNING:Xst:2677 - Node <cnt_hsync/capture_hi_12> of sequential type is unconnected in block <sys_tim011_mercury>.
WARNING:Xst:2677 - Node <cnt_hsync/capture_hi_11> of sequential type is unconnected in block <sys_tim011_mercury>.
WARNING:Xst:2677 - Node <cnt_hsync/capture_hi_10> of sequential type is unconnected in block <sys_tim011_mercury>.
WARNING:Xst:2677 - Node <cnt_hsync/capture_hi_9> of sequential type is unconnected in block <sys_tim011_mercury>.
WARNING:Xst:2677 - Node <cnt_hsync/capture_hi_8> of sequential type is unconnected in block <sys_tim011_mercury>.
WARNING:Xst:2677 - Node <cnt_hsync/capture_hi_7> of sequential type is unconnected in block <sys_tim011_mercury>.
WARNING:Xst:2677 - Node <cnt_hsync/capture_hi_6> of sequential type is unconnected in block <sys_tim011_mercury>.
WARNING:Xst:2677 - Node <cnt_hsync/capture_hi_5> of sequential type is unconnected in block <sys_tim011_mercury>.
WARNING:Xst:2677 - Node <cnt_hsync/capture_hi_4> of sequential type is unconnected in block <sys_tim011_mercury>.
WARNING:Xst:2677 - Node <cnt_hsync/capture_hi_3> of sequential type is unconnected in block <sys_tim011_mercury>.
WARNING:Xst:2677 - Node <cnt_hsync/capture_hi_2> of sequential type is unconnected in block <sys_tim011_mercury>.
WARNING:Xst:2677 - Node <cnt_hsync/capture_hi_1> of sequential type is unconnected in block <sys_tim011_mercury>.
WARNING:Xst:2677 - Node <cnt_hsync/capture_hi_0> of sequential type is unconnected in block <sys_tim011_mercury>.
WARNING:Xst:2677 - Node <cnt_hsync/capture_lo_15> of sequential type is unconnected in block <sys_tim011_mercury>.
WARNING:Xst:2677 - Node <cnt_hsync/capture_lo_14> of sequential type is unconnected in block <sys_tim011_mercury>.
WARNING:Xst:2677 - Node <cnt_hsync/capture_lo_13> of sequential type is unconnected in block <sys_tim011_mercury>.
WARNING:Xst:2677 - Node <cnt_hsync/capture_lo_12> of sequential type is unconnected in block <sys_tim011_mercury>.
WARNING:Xst:2677 - Node <cnt_hsync/capture_lo_11> of sequential type is unconnected in block <sys_tim011_mercury>.
WARNING:Xst:2677 - Node <cnt_hsync/capture_lo_10> of sequential type is unconnected in block <sys_tim011_mercury>.
WARNING:Xst:2677 - Node <cnt_hsync/capture_lo_9> of sequential type is unconnected in block <sys_tim011_mercury>.
WARNING:Xst:2677 - Node <cnt_hsync/capture_lo_8> of sequential type is unconnected in block <sys_tim011_mercury>.
WARNING:Xst:2677 - Node <cnt_hsync/capture_lo_7> of sequential type is unconnected in block <sys_tim011_mercury>.
WARNING:Xst:2677 - Node <cnt_hsync/capture_lo_6> of sequential type is unconnected in block <sys_tim011_mercury>.
WARNING:Xst:2677 - Node <cnt_hsync/capture_lo_5> of sequential type is unconnected in block <sys_tim011_mercury>.
WARNING:Xst:2677 - Node <cnt_hsync/capture_lo_4> of sequential type is unconnected in block <sys_tim011_mercury>.
WARNING:Xst:2677 - Node <cnt_hsync/capture_lo_3> of sequential type is unconnected in block <sys_tim011_mercury>.
WARNING:Xst:2677 - Node <cnt_hsync/capture_lo_2> of sequential type is unconnected in block <sys_tim011_mercury>.
WARNING:Xst:2677 - Node <cnt_hsync/capture_lo_1> of sequential type is unconnected in block <sys_tim011_mercury>.
WARNING:Xst:2677 - Node <cnt_hsync/capture_lo_0> of sequential type is unconnected in block <sys_tim011_mercury>.
WARNING:Xst:2677 - Node <cnt_hsync/previous_input> of sequential type is unconnected in block <sys_tim011_mercury>.
WARNING:Xst:2677 - Node <debounce_btn/channel_generate[2].di/debounced> of sequential type is unconnected in block <sys_tim011_mercury>.
WARNING:Xst:2677 - Node <debounce_btn/channel_generate[2].di/shifter_0> of sequential type is unconnected in block <sys_tim011_mercury>.
WARNING:Xst:2677 - Node <debounce_btn/channel_generate[2].di/shifter_1> of sequential type is unconnected in block <sys_tim011_mercury>.
WARNING:Xst:2677 - Node <debounce_btn/channel_generate[2].di/shifter_2> of sequential type is unconnected in block <sys_tim011_mercury>.
WARNING:Xst:2677 - Node <debounce_btn/channel_generate[2].di/shifter_3> of sequential type is unconnected in block <sys_tim011_mercury>.
WARNING:Xst:2677 - Node <debounce_btn/channel_generate[2].di/shifter_4> of sequential type is unconnected in block <sys_tim011_mercury>.
WARNING:Xst:2677 - Node <debounce_btn/channel_generate[2].di/shifter_5> of sequential type is unconnected in block <sys_tim011_mercury>.
WARNING:Xst:2677 - Node <debounce_btn/channel_generate[2].di/shifter_6> of sequential type is unconnected in block <sys_tim011_mercury>.
WARNING:Xst:2677 - Node <debounce_btn/channel_generate[2].di/shifter_7> of sequential type is unconnected in block <sys_tim011_mercury>.
WARNING:Xst:2677 - Node <debounce_btn/channel_generate[3].di/debounced> of sequential type is unconnected in block <sys_tim011_mercury>.
WARNING:Xst:2677 - Node <debounce_btn/channel_generate[3].di/shifter_0> of sequential type is unconnected in block <sys_tim011_mercury>.
WARNING:Xst:2677 - Node <debounce_btn/channel_generate[3].di/shifter_1> of sequential type is unconnected in block <sys_tim011_mercury>.
WARNING:Xst:2677 - Node <debounce_btn/channel_generate[3].di/shifter_2> of sequential type is unconnected in block <sys_tim011_mercury>.
WARNING:Xst:2677 - Node <debounce_btn/channel_generate[3].di/shifter_3> of sequential type is unconnected in block <sys_tim011_mercury>.
WARNING:Xst:2677 - Node <debounce_btn/channel_generate[3].di/shifter_4> of sequential type is unconnected in block <sys_tim011_mercury>.
WARNING:Xst:2677 - Node <debounce_btn/channel_generate[3].di/shifter_5> of sequential type is unconnected in block <sys_tim011_mercury>.
WARNING:Xst:2677 - Node <debounce_btn/channel_generate[3].di/shifter_6> of sequential type is unconnected in block <sys_tim011_mercury>.
WARNING:Xst:2677 - Node <debounce_btn/channel_generate[3].di/shifter_7> of sequential type is unconnected in block <sys_tim011_mercury>.
WARNING:Xst:2677 - Node <debounce_btn/channel_generate[4].di/debounced> of sequential type is unconnected in block <sys_tim011_mercury>.
WARNING:Xst:2677 - Node <debounce_btn/channel_generate[4].di/shifter_0> of sequential type is unconnected in block <sys_tim011_mercury>.
WARNING:Xst:2677 - Node <debounce_btn/channel_generate[4].di/shifter_1> of sequential type is unconnected in block <sys_tim011_mercury>.
WARNING:Xst:2677 - Node <debounce_btn/channel_generate[4].di/shifter_2> of sequential type is unconnected in block <sys_tim011_mercury>.
WARNING:Xst:2677 - Node <debounce_btn/channel_generate[4].di/shifter_3> of sequential type is unconnected in block <sys_tim011_mercury>.
WARNING:Xst:2677 - Node <debounce_btn/channel_generate[4].di/shifter_4> of sequential type is unconnected in block <sys_tim011_mercury>.
WARNING:Xst:2677 - Node <debounce_btn/channel_generate[4].di/shifter_5> of sequential type is unconnected in block <sys_tim011_mercury>.
WARNING:Xst:2677 - Node <debounce_btn/channel_generate[4].di/shifter_6> of sequential type is unconnected in block <sys_tim011_mercury>.
WARNING:Xst:2677 - Node <debounce_btn/channel_generate[4].di/shifter_7> of sequential type is unconnected in block <sys_tim011_mercury>.
WARNING:Xst:2677 - Node <debounce_btn/channel_generate[5].di/debounced> of sequential type is unconnected in block <sys_tim011_mercury>.
WARNING:Xst:2677 - Node <debounce_btn/channel_generate[5].di/shifter_0> of sequential type is unconnected in block <sys_tim011_mercury>.
WARNING:Xst:2677 - Node <debounce_btn/channel_generate[5].di/shifter_1> of sequential type is unconnected in block <sys_tim011_mercury>.
WARNING:Xst:2677 - Node <debounce_btn/channel_generate[5].di/shifter_2> of sequential type is unconnected in block <sys_tim011_mercury>.
WARNING:Xst:2677 - Node <debounce_btn/channel_generate[5].di/shifter_3> of sequential type is unconnected in block <sys_tim011_mercury>.
WARNING:Xst:2677 - Node <debounce_btn/channel_generate[5].di/shifter_4> of sequential type is unconnected in block <sys_tim011_mercury>.
WARNING:Xst:2677 - Node <debounce_btn/channel_generate[5].di/shifter_5> of sequential type is unconnected in block <sys_tim011_mercury>.
WARNING:Xst:2677 - Node <debounce_btn/channel_generate[5].di/shifter_6> of sequential type is unconnected in block <sys_tim011_mercury>.
WARNING:Xst:2677 - Node <debounce_btn/channel_generate[5].di/shifter_7> of sequential type is unconnected in block <sys_tim011_mercury>.
WARNING:Xst:2677 - Node <debounce_btn/channel_generate[6].di/debounced> of sequential type is unconnected in block <sys_tim011_mercury>.
WARNING:Xst:2677 - Node <debounce_btn/channel_generate[6].di/shifter_0> of sequential type is unconnected in block <sys_tim011_mercury>.
WARNING:Xst:2677 - Node <debounce_btn/channel_generate[6].di/shifter_1> of sequential type is unconnected in block <sys_tim011_mercury>.
WARNING:Xst:2677 - Node <debounce_btn/channel_generate[6].di/shifter_2> of sequential type is unconnected in block <sys_tim011_mercury>.
WARNING:Xst:2677 - Node <debounce_btn/channel_generate[6].di/shifter_3> of sequential type is unconnected in block <sys_tim011_mercury>.
WARNING:Xst:2677 - Node <debounce_btn/channel_generate[6].di/shifter_4> of sequential type is unconnected in block <sys_tim011_mercury>.
WARNING:Xst:2677 - Node <debounce_btn/channel_generate[6].di/shifter_5> of sequential type is unconnected in block <sys_tim011_mercury>.
WARNING:Xst:2677 - Node <debounce_btn/channel_generate[6].di/shifter_6> of sequential type is unconnected in block <sys_tim011_mercury>.
WARNING:Xst:2677 - Node <debounce_btn/channel_generate[6].di/shifter_7> of sequential type is unconnected in block <sys_tim011_mercury>.
WARNING:Xst:2677 - Node <debounce_btn/channel_generate[7].di/debounced> of sequential type is unconnected in block <sys_tim011_mercury>.
WARNING:Xst:2677 - Node <debounce_btn/channel_generate[7].di/shifter_0> of sequential type is unconnected in block <sys_tim011_mercury>.
WARNING:Xst:2677 - Node <debounce_btn/channel_generate[7].di/shifter_1> of sequential type is unconnected in block <sys_tim011_mercury>.
WARNING:Xst:2677 - Node <debounce_btn/channel_generate[7].di/shifter_2> of sequential type is unconnected in block <sys_tim011_mercury>.
WARNING:Xst:2677 - Node <debounce_btn/channel_generate[7].di/shifter_3> of sequential type is unconnected in block <sys_tim011_mercury>.
WARNING:Xst:2677 - Node <debounce_btn/channel_generate[7].di/shifter_4> of sequential type is unconnected in block <sys_tim011_mercury>.
WARNING:Xst:2677 - Node <debounce_btn/channel_generate[7].di/shifter_5> of sequential type is unconnected in block <sys_tim011_mercury>.
WARNING:Xst:2677 - Node <debounce_btn/channel_generate[7].di/shifter_6> of sequential type is unconnected in block <sys_tim011_mercury>.
WARNING:Xst:2677 - Node <debounce_btn/channel_generate[7].di/shifter_7> of sequential type is unconnected in block <sys_tim011_mercury>.
WARNING:Xst:2677 - Node <serin/ring_0> of sequential type is unconnected in block <sys_tim011_mercury>.
WARNING:Xst:2677 - Node <serin/ring_1> of sequential type is unconnected in block <sys_tim011_mercury>.
WARNING:Xst:2677 - Node <serin/ring_2> of sequential type is unconnected in block <sys_tim011_mercury>.
WARNING:Xst:2677 - Node <serin/ring_3> of sequential type is unconnected in block <sys_tim011_mercury>.
WARNING:Xst:2677 - Node <serin/sr3_10> of sequential type is unconnected in block <sys_tim011_mercury>.
WARNING:Xst:2677 - Node <serin/sr3_9> of sequential type is unconnected in block <sys_tim011_mercury>.
WARNING:Xst:2677 - Node <serin/sr3_8> of sequential type is unconnected in block <sys_tim011_mercury>.
WARNING:Xst:2677 - Node <serin/sr3_7> of sequential type is unconnected in block <sys_tim011_mercury>.
WARNING:Xst:2677 - Node <serin/sr3_6> of sequential type is unconnected in block <sys_tim011_mercury>.
WARNING:Xst:2677 - Node <serin/sr3_5> of sequential type is unconnected in block <sys_tim011_mercury>.
WARNING:Xst:2677 - Node <serin/sr3_4> of sequential type is unconnected in block <sys_tim011_mercury>.
WARNING:Xst:2677 - Node <serin/sr3_3> of sequential type is unconnected in block <sys_tim011_mercury>.
WARNING:Xst:2677 - Node <serin/sr3_2> of sequential type is unconnected in block <sys_tim011_mercury>.
WARNING:Xst:2677 - Node <serin/sr3_1> of sequential type is unconnected in block <sys_tim011_mercury>.
WARNING:Xst:2677 - Node <serin/sr3_0> of sequential type is unconnected in block <sys_tim011_mercury>.
WARNING:Xst:2677 - Node <serin/sr2_10> of sequential type is unconnected in block <sys_tim011_mercury>.
WARNING:Xst:2677 - Node <serin/sr2_9> of sequential type is unconnected in block <sys_tim011_mercury>.
WARNING:Xst:2677 - Node <serin/sr2_8> of sequential type is unconnected in block <sys_tim011_mercury>.
WARNING:Xst:2677 - Node <serin/sr2_7> of sequential type is unconnected in block <sys_tim011_mercury>.
WARNING:Xst:2677 - Node <serin/sr2_6> of sequential type is unconnected in block <sys_tim011_mercury>.
WARNING:Xst:2677 - Node <serin/sr2_5> of sequential type is unconnected in block <sys_tim011_mercury>.
WARNING:Xst:2677 - Node <serin/sr2_4> of sequential type is unconnected in block <sys_tim011_mercury>.
WARNING:Xst:2677 - Node <serin/sr2_3> of sequential type is unconnected in block <sys_tim011_mercury>.
WARNING:Xst:2677 - Node <serin/sr2_2> of sequential type is unconnected in block <sys_tim011_mercury>.
WARNING:Xst:2677 - Node <serin/sr2_1> of sequential type is unconnected in block <sys_tim011_mercury>.
WARNING:Xst:2677 - Node <serin/sr2_0> of sequential type is unconnected in block <sys_tim011_mercury>.
WARNING:Xst:2677 - Node <serin/sel_1> of sequential type is unconnected in block <sys_tim011_mercury>.
WARNING:Xst:2677 - Node <serin/sel_0> of sequential type is unconnected in block <sys_tim011_mercury>.
WARNING:Xst:2677 - Node <serin/delay_3> of sequential type is unconnected in block <sys_tim011_mercury>.
WARNING:Xst:2677 - Node <serin/delay_2> of sequential type is unconnected in block <sys_tim011_mercury>.
WARNING:Xst:2677 - Node <serin/delay_1> of sequential type is unconnected in block <sys_tim011_mercury>.
WARNING:Xst:2677 - Node <serin/delay_0> of sequential type is unconnected in block <sys_tim011_mercury>.

Mapping all equations...
Building and optimizing final netlist ...
Found area constraint ratio of 100 (+ 5) on block sys_tim011_mercury, actual ratio is 9.

Final Macro Processing ...

=========================================================================
Final Register Report

Macro Statistics
# Registers                                            : 188
 Flip-Flops                                            : 188

=========================================================================

=========================================================================
*                           Partition Report                            *
=========================================================================

Partition Implementation Status
-------------------------------

  No Partitions were found in this design.

-------------------------------

=========================================================================
*                            Final Report                               *
=========================================================================
Final Results
RTL Top Level Output File Name     : sys_tim011_mercury.ngr
Top Level Output File Name         : sys_tim011_mercury
Output Format                      : NGC
Optimization Goal                  : Speed
Keep Hierarchy                     : No

Design Statistics
# IOs                              : 37

Cell Usage :
# BELS                             : 439
#      GND                         : 1
#      INV                         : 66
#      LUT1                        : 27
#      LUT2                        : 72
#      LUT3                        : 13
#      LUT4                        : 53
#      LUT4_D                      : 4
#      LUT4_L                      : 22
#      MUXCY                       : 83
#      MUXF5                       : 7
#      VCC                         : 1
#      XORCY                       : 90
# FlipFlops/Latches                : 188
#      FDC                         : 26
#      FDCP                        : 86
#      FDE                         : 34
#      FDR                         : 22
#      FDS                         : 10
#      FDSE                        : 10
# Clock Buffers                    : 3
#      BUFG                        : 1
#      BUFGP                       : 2
# IO Buffers                       : 29
#      IBUF                        : 11
#      OBUF                        : 18
=========================================================================

Device utilization summary:
---------------------------

Selected Device : 3s200avq100-4 

 Number of Slices:                      169  out of   1792     9%  
 Number of Slice Flip Flops:            188  out of   3584     5%  
 Number of 4 input LUTs:                257  out of   3584     7%  
 Number of IOs:                          37
 Number of bonded IOBs:                  31  out of     68    45%  
 Number of GCLKs:                         3  out of     24    12%  

---------------------------
Partition Resource Summary:
---------------------------

  No Partitions were found in this design.

---------------------------


=========================================================================
TIMING REPORT

NOTE: THESE TIMING NUMBERS ARE ONLY A SYNTHESIS ESTIMATE.
      FOR ACCURATE TIMING INFORMATION PLEASE REFER TO THE TRACE REPORT
      GENERATED AFTER PLACE-and-ROUTE.

Clock Information:
------------------
-----------------------------------+-------------------------+-------+
Clock Signal                       | Clock buffer(FF name)   | Load  |
-----------------------------------+-------------------------+-------+
EXT_CLK                            | BUFGP                   | 66    |
powergen/q_11                      | NONE(v_shot_reg/value_9)| 6     |
freq4096                           | NONE(powergen/q_1)      | 11    |
freq153600                         | NONE(baudgen/q_1)       | 3     |
CLK                                | BUFGP                   | 12    |
baudgen/q_31                       | BUFG                    | 90    |
-----------------------------------+-------------------------+-------+
INFO:Xst:2169 - HDL ADVISOR - Some clock signals were not automatically buffered by XST with BUFG/BUFR resources. Please use the buffer_type constraint in order to insert these buffers to the clock signals to help prevent skew problems.

Asynchronous Control Signals Information:
----------------------------------------
---------------------------------------------------------------------------------------------------------------+----------------------------------------------------+-------+
Control Signal                                                                                                 | Buffer(FF name)                                    | Load  |
---------------------------------------------------------------------------------------------------------------+----------------------------------------------------+-------+
USR_BTN                                                                                                        | IBUF                                               | 32    |
debounce_btn/channel_generate[0].di/shifter_7_and0000(debounce_btn/channel_generate[0].di/shifter_7_and00001:O)| NONE(debounce_btn/channel_generate[0].di/shifter_0)| 8     |
debounce_btn/channel_generate[0].di/shifter_7_and0001(debounce_btn/channel_generate[0].di/shifter_7_and00011:O)| NONE(debounce_btn/channel_generate[0].di/shifter_0)| 8     |
debounce_btn/channel_generate[1].di/shifter_7_and0000(debounce_btn/channel_generate[1].di/shifter_7_and00001:O)| NONE(debounce_btn/channel_generate[1].di/shifter_0)| 8     |
debounce_btn/channel_generate[1].di/shifter_7_and0001(debounce_btn/channel_generate[1].di/shifter_7_and00011:O)| NONE(debounce_btn/channel_generate[1].di/shifter_0)| 8     |
debounce_sw/channel_generate[0].di/shifter_7_and0000(debounce_sw/channel_generate[0].di/shifter_7_and00001:O)  | NONE(debounce_sw/channel_generate[0].di/shifter_0) | 8     |
debounce_sw/channel_generate[0].di/shifter_7_and0001(debounce_sw/channel_generate[0].di/shifter_7_and00011:O)  | NONE(debounce_sw/channel_generate[0].di/shifter_0) | 8     |
debounce_sw/channel_generate[1].di/shifter_7_and0000(debounce_sw/channel_generate[1].di/shifter_7_and00001:O)  | NONE(debounce_sw/channel_generate[1].di/shifter_0) | 8     |
debounce_sw/channel_generate[1].di/shifter_7_and0001(debounce_sw/channel_generate[1].di/shifter_7_and00011:O)  | NONE(debounce_sw/channel_generate[1].di/shifter_0) | 8     |
debounce_sw/channel_generate[2].di/shifter_7_and0000(debounce_sw/channel_generate[2].di/shifter_7_and00001:O)  | NONE(debounce_sw/channel_generate[2].di/shifter_0) | 8     |
debounce_sw/channel_generate[2].di/shifter_7_and0001(debounce_sw/channel_generate[2].di/shifter_7_and00011:O)  | NONE(debounce_sw/channel_generate[2].di/shifter_0) | 8     |
debounce_sw/channel_generate[3].di/shifter_7_and0000(debounce_sw/channel_generate[3].di/shifter_7_and00001:O)  | NONE(debounce_sw/channel_generate[3].di/shifter_0) | 8     |
debounce_sw/channel_generate[3].di/shifter_7_and0001(debounce_sw/channel_generate[3].di/shifter_7_and00011:O)  | NONE(debounce_sw/channel_generate[3].di/shifter_0) | 8     |
debounce_sw/channel_generate[4].di/shifter_7_and0000(debounce_sw/channel_generate[4].di/shifter_7_and00001:O)  | NONE(debounce_sw/channel_generate[4].di/shifter_0) | 8     |
debounce_sw/channel_generate[4].di/shifter_7_and0001(debounce_sw/channel_generate[4].di/shifter_7_and00011:O)  | NONE(debounce_sw/channel_generate[4].di/shifter_0) | 8     |
debounce_sw/channel_generate[5].di/shifter_7_and0000(debounce_sw/channel_generate[5].di/shifter_7_and00001:O)  | NONE(debounce_sw/channel_generate[5].di/shifter_0) | 8     |
debounce_sw/channel_generate[5].di/shifter_7_and0001(debounce_sw/channel_generate[5].di/shifter_7_and00011:O)  | NONE(debounce_sw/channel_generate[5].di/shifter_0) | 8     |
debounce_sw/channel_generate[6].di/shifter_7_and0000(debounce_sw/channel_generate[6].di/shifter_7_and00001:O)  | NONE(debounce_sw/channel_generate[6].di/shifter_0) | 8     |
debounce_sw/channel_generate[6].di/shifter_7_and0001(debounce_sw/channel_generate[6].di/shifter_7_and00011:O)  | NONE(debounce_sw/channel_generate[6].di/shifter_0) | 8     |
debounce_sw/channel_generate[7].di/shifter_7_and0000(debounce_sw/channel_generate[7].di/shifter_7_and00001:O)  | NONE(debounce_sw/channel_generate[7].di/shifter_0) | 8     |
debounce_sw/channel_generate[7].di/shifter_7_and0001(debounce_sw/channel_generate[7].di/shifter_7_and00011:O)  | NONE(debounce_sw/channel_generate[7].di/shifter_0) | 8     |
PMOD_2_OBUF(XST_GND:G)                                                                                         | NONE(h_shot_reg/value_0)                           | 6     |
---------------------------------------------------------------------------------------------------------------+----------------------------------------------------+-------+

Timing Summary:
---------------
Speed Grade: -4

   Minimum period: 5.610ns (Maximum Frequency: 178.253MHz)
   Minimum input arrival time before clock: 1.632ns
   Maximum output required time after clock: 10.743ns
   Maximum combinational path delay: No path found

Timing Detail:
--------------
All values displayed in nanoseconds (ns)

=========================================================================
Timing constraint: Default period analysis for Clock 'EXT_CLK'
  Clock period: 5.610ns (frequency: 178.253MHz)
  Total number of paths / destination ports: 2114 / 132
-------------------------------------------------------------------------
Delay:               5.610ns (Levels of Logic = 18)
  Source:            h_shot/counter_0 (FF)
  Destination:       h_shot/counter_15 (FF)
  Source Clock:      EXT_CLK rising
  Destination Clock: EXT_CLK rising

  Data Path: h_shot/counter_0 to h_shot/counter_15
                                Gate     Net
    Cell:in->out      fanout   Delay   Delay  Logical Name (Net Name)
    ----------------------------------------  ------------
     FDE:C->Q              2   0.591   0.590  h_shot/counter_0 (h_shot/counter_0)
     LUT1:I0->O            1   0.648   0.000  h_shot/Mcount_counter_cy<0>_rt (h_shot/Mcount_counter_cy<0>_rt)
     MUXCY:S->O            1   0.632   0.000  h_shot/Mcount_counter_cy<0> (h_shot/Mcount_counter_cy<0>)
     MUXCY:CI->O           1   0.065   0.000  h_shot/Mcount_counter_cy<1> (h_shot/Mcount_counter_cy<1>)
     MUXCY:CI->O           1   0.065   0.000  h_shot/Mcount_counter_cy<2> (h_shot/Mcount_counter_cy<2>)
     MUXCY:CI->O           1   0.065   0.000  h_shot/Mcount_counter_cy<3> (h_shot/Mcount_counter_cy<3>)
     MUXCY:CI->O           1   0.065   0.000  h_shot/Mcount_counter_cy<4> (h_shot/Mcount_counter_cy<4>)
     MUXCY:CI->O           1   0.065   0.000  h_shot/Mcount_counter_cy<5> (h_shot/Mcount_counter_cy<5>)
     MUXCY:CI->O           1   0.065   0.000  h_shot/Mcount_counter_cy<6> (h_shot/Mcount_counter_cy<6>)
     MUXCY:CI->O           1   0.065   0.000  h_shot/Mcount_counter_cy<7> (h_shot/Mcount_counter_cy<7>)
     MUXCY:CI->O           1   0.065   0.000  h_shot/Mcount_counter_cy<8> (h_shot/Mcount_counter_cy<8>)
     MUXCY:CI->O           1   0.065   0.000  h_shot/Mcount_counter_cy<9> (h_shot/Mcount_counter_cy<9>)
     MUXCY:CI->O           1   0.065   0.000  h_shot/Mcount_counter_cy<10> (h_shot/Mcount_counter_cy<10>)
     MUXCY:CI->O           1   0.065   0.000  h_shot/Mcount_counter_cy<11> (h_shot/Mcount_counter_cy<11>)
     MUXCY:CI->O           1   0.065   0.000  h_shot/Mcount_counter_cy<12> (h_shot/Mcount_counter_cy<12>)
     MUXCY:CI->O           1   0.065   0.000  h_shot/Mcount_counter_cy<13> (h_shot/Mcount_counter_cy<13>)
     MUXCY:CI->O           0   0.065   0.000  h_shot/Mcount_counter_cy<14> (h_shot/Mcount_counter_cy<14>)
     XORCY:CI->O           1   0.844   0.500  h_shot/Mcount_counter_xor<15> (Result<15>3)
     LUT2:I1->O            1   0.643   0.000  h_shot/Mcount_counter_eqn_151 (h_shot/Mcount_counter_eqn_15)
     FDE:D                     0.252          h_shot/counter_15
    ----------------------------------------
    Total                      5.610ns (4.520ns logic, 1.090ns route)
                                       (80.6% logic, 19.4% route)

=========================================================================
Timing constraint: Default period analysis for Clock 'powergen/q_11'
  Clock period: 1.804ns (frequency: 554.324MHz)
  Total number of paths / destination ports: 6 / 6
-------------------------------------------------------------------------
Delay:               1.804ns (Levels of Logic = 0)
  Source:            h_shot_reg/value_0 (FF)
  Destination:       h_shot_reg/value_0 (FF)
  Source Clock:      powergen/q_11 rising
  Destination Clock: powergen/q_11 rising

  Data Path: h_shot_reg/value_0 to h_shot_reg/value_0
                                Gate     Net
    Cell:in->out      fanout   Delay   Delay  Logical Name (Net Name)
    ----------------------------------------  ------------
     FDCP:C->Q            12   0.591   0.961  h_shot_reg/value_0 (h_shot_reg/value_0)
     FDCP:D                    0.252          h_shot_reg/value_0
    ----------------------------------------
    Total                      1.804ns (0.843ns logic, 0.961ns route)
                                       (46.7% logic, 53.3% route)

=========================================================================
Timing constraint: Default period analysis for Clock 'freq4096'
  Clock period: 4.050ns (frequency: 246.914MHz)
  Total number of paths / destination ports: 66 / 11
-------------------------------------------------------------------------
Delay:               4.050ns (Levels of Logic = 11)
  Source:            powergen/q_2 (FF)
  Destination:       powergen/q_11 (FF)
  Source Clock:      freq4096 falling
  Destination Clock: freq4096 falling

  Data Path: powergen/q_2 to powergen/q_11
                                Gate     Net
    Cell:in->out      fanout   Delay   Delay  Logical Name (Net Name)
    ----------------------------------------  ------------
     FDC:C->Q              1   0.591   0.563  powergen/q_2 (powergen/q_2)
     LUT1:I0->O            1   0.648   0.000  powergen/Mcount_q_cy<1>_rt (powergen/Mcount_q_cy<1>_rt)
     MUXCY:S->O            1   0.632   0.000  powergen/Mcount_q_cy<1> (powergen/Mcount_q_cy<1>)
     MUXCY:CI->O           1   0.065   0.000  powergen/Mcount_q_cy<2> (powergen/Mcount_q_cy<2>)
     MUXCY:CI->O           1   0.065   0.000  powergen/Mcount_q_cy<3> (powergen/Mcount_q_cy<3>)
     MUXCY:CI->O           1   0.065   0.000  powergen/Mcount_q_cy<4> (powergen/Mcount_q_cy<4>)
     MUXCY:CI->O           1   0.065   0.000  powergen/Mcount_q_cy<5> (powergen/Mcount_q_cy<5>)
     MUXCY:CI->O           1   0.065   0.000  powergen/Mcount_q_cy<6> (powergen/Mcount_q_cy<6>)
     MUXCY:CI->O           1   0.065   0.000  powergen/Mcount_q_cy<7> (powergen/Mcount_q_cy<7>)
     MUXCY:CI->O           1   0.065   0.000  powergen/Mcount_q_cy<8> (powergen/Mcount_q_cy<8>)
     MUXCY:CI->O           0   0.065   0.000  powergen/Mcount_q_cy<9> (powergen/Mcount_q_cy<9>)
     XORCY:CI->O           1   0.844   0.000  powergen/Mcount_q_xor<10> (Result<10>3)
     FDC:D                     0.252          powergen/q_11
    ----------------------------------------
    Total                      4.050ns (3.487ns logic, 0.563ns route)
                                       (86.1% logic, 13.9% route)

=========================================================================
Timing constraint: Default period analysis for Clock 'freq153600'
  Clock period: 3.530ns (frequency: 283.286MHz)
  Total number of paths / destination ports: 6 / 3
-------------------------------------------------------------------------
Delay:               3.530ns (Levels of Logic = 3)
  Source:            baudgen/q_2 (FF)
  Destination:       baudgen/q_3 (FF)
  Source Clock:      freq153600 falling
  Destination Clock: freq153600 falling

  Data Path: baudgen/q_2 to baudgen/q_3
                                Gate     Net
    Cell:in->out      fanout   Delay   Delay  Logical Name (Net Name)
    ----------------------------------------  ------------
     FDC:C->Q              1   0.591   0.563  baudgen/q_2 (baudgen/q_2)
     LUT1:I0->O            1   0.648   0.000  baudgen/Mcount_q_cy<1>_rt (baudgen/Mcount_q_cy<1>_rt)
     MUXCY:S->O            0   0.632   0.000  baudgen/Mcount_q_cy<1> (baudgen/Mcount_q_cy<1>)
     XORCY:CI->O           1   0.844   0.000  baudgen/Mcount_q_xor<2> (Result<2>2)
     FDC:D                     0.252          baudgen/q_3
    ----------------------------------------
    Total                      3.530ns (2.967ns logic, 0.563ns route)
                                       (84.1% logic, 15.9% route)

=========================================================================
Timing constraint: Default period analysis for Clock 'CLK'
  Clock period: 4.144ns (frequency: 241.313MHz)
  Total number of paths / destination ports: 78 / 12
-------------------------------------------------------------------------
Delay:               4.144ns (Levels of Logic = 3)
  Source:            clockgen/q_11 (FF)
  Destination:       clockgen/q_12 (FF)
  Source Clock:      CLK falling
  Destination Clock: CLK falling

  Data Path: clockgen/q_11 to clockgen/q_12
                                Gate     Net
    Cell:in->out      fanout   Delay   Delay  Logical Name (Net Name)
    ----------------------------------------  ------------
     FDC:C->Q             16   0.591   1.177  clockgen/q_11 (clockgen/q_11)
     LUT1:I0->O            1   0.648   0.000  clockgen/Mcount_q_cy<10>_rt (clockgen/Mcount_q_cy<10>_rt)
     MUXCY:S->O            0   0.632   0.000  clockgen/Mcount_q_cy<10> (clockgen/Mcount_q_cy<10>)
     XORCY:CI->O           1   0.844   0.000  clockgen/Mcount_q_xor<11> (Result<11>4)
     FDC:D                     0.252          clockgen/q_12
    ----------------------------------------
    Total                      4.144ns (2.967ns logic, 1.177ns route)
                                       (71.6% logic, 28.4% route)

=========================================================================
Timing constraint: Default period analysis for Clock 'baudgen/q_31'
  Clock period: 4.345ns (frequency: 230.150MHz)
  Total number of paths / destination ports: 230 / 90
-------------------------------------------------------------------------
Delay:               4.345ns (Levels of Logic = 2)
  Source:            debounce_btn/channel_generate[0].di/shifter_4 (FF)
  Destination:       debounce_btn/channel_generate[0].di/debounced (FF)
  Source Clock:      baudgen/q_31 rising
  Destination Clock: baudgen/q_31 rising

  Data Path: debounce_btn/channel_generate[0].di/shifter_4 to debounce_btn/channel_generate[0].di/debounced
                                Gate     Net
    Cell:in->out      fanout   Delay   Delay  Logical Name (Net Name)
    ----------------------------------------  ------------
     FDCP:C->Q             3   0.591   0.674  debounce_btn/channel_generate[0].di/shifter_4 (debounce_btn/channel_generate[0].di/shifter_4)
     LUT4:I0->O            1   0.648   0.500  debounce_btn/channel_generate[0].di/all1_cmp_eq00009 (debounce_btn/channel_generate[0].di/all1_cmp_eq00009)
     LUT2:I1->O            1   0.643   0.420  debounce_btn/channel_generate[0].di/all1_cmp_eq000010 (debounce_btn/channel_generate[0].di/all1)
     FDSE:S                    0.869          debounce_btn/channel_generate[0].di/debounced
    ----------------------------------------
    Total                      4.345ns (2.751ns logic, 1.594ns route)
                                       (63.3% logic, 36.7% route)

=========================================================================
Timing constraint: Default OFFSET IN BEFORE for Clock 'baudgen/q_31'
  Total number of paths / destination ports: 10 / 10
-------------------------------------------------------------------------
Offset:              1.632ns (Levels of Logic = 1)
  Source:            BTN<0> (PAD)
  Destination:       debounce_btn/channel_generate[0].di/shifter_0 (FF)
  Destination Clock: baudgen/q_31 rising

  Data Path: BTN<0> to debounce_btn/channel_generate[0].di/shifter_0
                                Gate     Net
    Cell:in->out      fanout   Delay   Delay  Logical Name (Net Name)
    ----------------------------------------  ------------
     IBUF:I->O             3   0.849   0.531  BTN_0_IBUF (BTN_0_IBUF)
     FDCP:D                    0.252          debounce_btn/channel_generate[0].di/shifter_0
    ----------------------------------------
    Total                      1.632ns (1.101ns logic, 0.531ns route)
                                       (67.5% logic, 32.5% route)

=========================================================================
Timing constraint: Default OFFSET OUT AFTER for Clock 'baudgen/q_31'
  Total number of paths / destination ports: 39 / 11
-------------------------------------------------------------------------
Offset:              9.914ns (Levels of Logic = 5)
  Source:            debounce_sw/channel_generate[1].di/debounced (FF)
  Destination:       A_TO_G<3> (PAD)
  Source Clock:      baudgen/q_31 rising

  Data Path: debounce_sw/channel_generate[1].di/debounced to A_TO_G<3>
                                Gate     Net
    Cell:in->out      fanout   Delay   Delay  Logical Name (Net Name)
    ----------------------------------------  ------------
     FDSE:C->Q             6   0.591   0.669  debounce_sw/channel_generate[1].di/debounced (debounce_sw/channel_generate[1].di/debounced)
     MUXF5:S->O            9   0.756   0.963  Mmux_hexdata_5_f5 (Mmux_hexdata_5_f5)
     LUT4:I0->O            1   0.648   0.000  leds/Mrom_internalseg3120_SW02 (leds/Mrom_internalseg3120_SW01)
     MUXF5:I0->O           1   0.276   0.423  leds/Mrom_internalseg3120_SW0_f5 (N19)
     LUT4:I3->O            1   0.648   0.420  leds/Mrom_internalseg3120 (A_TO_G_3_OBUF)
     OBUF:I->O                 4.520          A_TO_G_3_OBUF (A_TO_G<3>)
    ----------------------------------------
    Total                      9.914ns (7.439ns logic, 2.475ns route)
                                       (75.0% logic, 25.0% route)

=========================================================================
Timing constraint: Default OFFSET OUT AFTER for Clock 'EXT_CLK'
  Total number of paths / destination ports: 32 / 1
-------------------------------------------------------------------------
Offset:              10.743ns (Levels of Logic = 5)
  Source:            h_shot/counter_4 (FF)
  Destination:       PMOD<3> (PAD)
  Source Clock:      EXT_CLK rising

  Data Path: h_shot/counter_4 to PMOD<3>
                                Gate     Net
    Cell:in->out      fanout   Delay   Delay  Logical Name (Net Name)
    ----------------------------------------  ------------
     FDE:C->Q              2   0.591   0.590  h_shot/counter_4 (h_shot/counter_4)
     LUT4_D:I0->O          1   0.648   0.500  h_shot/shot_cmp_eq000025 (h_shot/shot_cmp_eq000025)
     LUT4:I1->O           17   0.643   1.083  h_shot/shot_cmp_eq000076 (h_shot/counter_and0001)
     LUT4:I2->O            1   0.648   0.452  Mxor_PMOD<3>_Result1_SW0 (N27)
     LUT3:I2->O            1   0.648   0.420  Mxor_PMOD<3>_Result1 (PMOD_3_OBUF)
     OBUF:I->O                 4.520          PMOD_3_OBUF (PMOD<3>)
    ----------------------------------------
    Total                     10.743ns (7.698ns logic, 3.045ns route)
                                       (71.7% logic, 28.3% route)

=========================================================================
Timing constraint: Default OFFSET OUT AFTER for Clock 'CLK'
  Total number of paths / destination ports: 70 / 12
-------------------------------------------------------------------------
Offset:              10.522ns (Levels of Logic = 6)
  Source:            clockgen/q_11 (FF)
  Destination:       A_TO_G<3> (PAD)
  Source Clock:      CLK falling

  Data Path: clockgen/q_11 to A_TO_G<3>
                                Gate     Net
    Cell:in->out      fanout   Delay   Delay  Logical Name (Net Name)
    ----------------------------------------  ------------
     FDC:C->Q             16   0.591   1.114  clockgen/q_11 (clockgen/q_11)
     LUT3:I1->O            1   0.643   0.000  Mmux_hexdata_7 (Mmux_hexdata_7)
     MUXF5:I0->O           9   0.276   0.963  Mmux_hexdata_5_f5 (Mmux_hexdata_5_f5)
     LUT4:I0->O            1   0.648   0.000  leds/Mrom_internalseg3120_SW02 (leds/Mrom_internalseg3120_SW01)
     MUXF5:I0->O           1   0.276   0.423  leds/Mrom_internalseg3120_SW0_f5 (N19)
     LUT4:I3->O            1   0.648   0.420  leds/Mrom_internalseg3120 (A_TO_G_3_OBUF)
     OBUF:I->O                 4.520          A_TO_G_3_OBUF (A_TO_G<3>)
    ----------------------------------------
    Total                     10.522ns (7.602ns logic, 2.920ns route)
                                       (72.2% logic, 27.8% route)

=========================================================================
Timing constraint: Default OFFSET OUT AFTER for Clock 'powergen/q_11'
  Total number of paths / destination ports: 52 / 7
-------------------------------------------------------------------------
Offset:              10.087ns (Levels of Logic = 6)
  Source:            h_shot_reg/value_5 (FF)
  Destination:       A_TO_G<3> (PAD)
  Source Clock:      powergen/q_11 rising

  Data Path: h_shot_reg/value_5 to A_TO_G<3>
                                Gate     Net
    Cell:in->out      fanout   Delay   Delay  Logical Name (Net Name)
    ----------------------------------------  ------------
     FDCP:C->Q             3   0.591   0.674  h_shot_reg/value_5 (h_shot_reg/value_5)
     LUT3:I0->O            1   0.648   0.000  Mmux_hexdata_7 (Mmux_hexdata_7)
     MUXF5:I0->O           9   0.276   0.963  Mmux_hexdata_5_f5 (Mmux_hexdata_5_f5)
     LUT4:I0->O            1   0.648   0.000  leds/Mrom_internalseg3120_SW02 (leds/Mrom_internalseg3120_SW01)
     MUXF5:I0->O           1   0.276   0.423  leds/Mrom_internalseg3120_SW0_f5 (N19)
     LUT4:I3->O            1   0.648   0.420  leds/Mrom_internalseg3120 (A_TO_G_3_OBUF)
     OBUF:I->O                 4.520          A_TO_G_3_OBUF (A_TO_G<3>)
    ----------------------------------------
    Total                     10.087ns (7.607ns logic, 2.480ns route)
                                       (75.4% logic, 24.6% route)

=========================================================================


Total REAL time to Xst completion: 44.00 secs
Total CPU time to Xst completion: 44.43 secs
 
--> 

Total memory usage is 4627976 kilobytes

Number of errors   :    0 (   0 filtered)
Number of warnings :  368 (   0 filtered)
Number of infos    :    6 (   0 filtered)

