AR sn74hc4040 behavioral C:/Users/zoltanp/Documents/HexCalc/Sys_TIM-011/Sys_TIM-011/sn74hc4040.vhd sub00/vhpl09 1601419658
EN sn74s153 NULL C:/Users/zoltanp/Documents/HexCalc/Sys_TIM-011/Sys_TIM-011/sn74s153.vhd sub00/vhpl24 1601419673
EN sn74ls240 NULL C:/Users/zoltanp/Documents/HexCalc/Sys_TIM-011/Sys_TIM-011/sn74ls240.vhd sub00/vhpl16 1601419665
AR signalcounter behavioral C:/Users/zoltanp/Documents/HexCalc/Sys_TIM-011/Sys_TIM-011/signalcounter.vhd sub00/vhpl47 1601419694
AR sn74hc04 behavioral C:/Users/zoltanp/Documents/HexCalc/Sys_TIM-011/Sys_TIM-011/sn74hc04.vhd sub00/vhpl23 1601419672
AR am82s62 behavioral C:/Users/zoltanp/Documents/HexCalc/Sys_TIM-011/Sys_TIM-011/Am82S62.vhd sub00/vhpl03 1601419652
AR sn74ls74 behavioral C:/Users/zoltanp/Documents/HexCalc/Sys_TIM-011/Sys_TIM-011/sn74ls74.vhd sub00/vhpl13 1601419662
EN sn74ls244 NULL C:/Users/zoltanp/Documents/HexCalc/Sys_TIM-011/Sys_TIM-011/sn74ls244.vhd sub00/vhpl30 1601419679
AR ram32k8 ram32k8_a C:/Users/zoltanp/Documents/HexCalc/Sys_TIM-011/Sys_TIM-011/ipcore_dir/ram32k8.vhd sub00/vhpl53 1601419648
EN sn74ls74 NULL C:/Users/zoltanp/Documents/HexCalc/Sys_TIM-011/Sys_TIM-011/sn74ls74.vhd sub00/vhpl12 1601419661
EN sys_tim011_mercury NULL C:/Users/zoltanp/Documents/HexCalc/Sys_TIM-011/Sys_TIM-011/Mercury/sys_tim011_mercury.vhd sub00/vhpl50 1601419697
AR interactivereg behavioral C:/Users/zoltanp/Documents/HexCalc/Sys_TIM-011/Sys_TIM-011/interactivereg.vhd sub00/vhpl39 1601419690
AR uart_receiver behavioral C:/Users/zoltanp/Documents/HexCalc/Sys_TIM-011/Sys_TIM-011/uart_receiver.vhd sub00/vhpl49 1601419696
EN sn74ls283 NULL C:/Users/zoltanp/Documents/HexCalc/Sys_TIM-011/Sys_TIM-011/sn74ls283.vhd sub00/vhpl14 1601419663
EN interactivereg NULL C:/Users/zoltanp/Documents/HexCalc/Sys_TIM-011/Sys_TIM-011/interactivereg.vhd sub00/vhpl38 1601419689
EN am82s62 NULL C:/Users/zoltanp/Documents/HexCalc/Sys_TIM-011/Sys_TIM-011/Am82S62.vhd sub00/vhpl02 1601419651
AR mem43256 behavioral C:/Users/zoltanp/Documents/HexCalc/Sys_TIM-011/Sys_TIM-011/mem43256.vhd sub00/vhpl27 1601419676
EN sn74hc04 NULL C:/Users/zoltanp/Documents/HexCalc/Sys_TIM-011/Sys_TIM-011/sn74hc04.vhd sub00/vhpl22 1601419671
EN sn74ls374 NULL C:/Users/zoltanp/Documents/HexCalc/Sys_TIM-011/Sys_TIM-011/sn74ls374.vhd sub00/vhpl10 1601419659
AR debouncer behavioral C:/Users/zoltanp/Documents/HexCalc/Sys_TIM-011/Sys_TIM-011/debouncer.vhd sub00/vhpl33 1601419682
EN debouncer8channel NULL C:/Users/zoltanp/Documents/HexCalc/Sys_TIM-011/Sys_TIM-011/debouncer8channel.vhd sub00/vhpl34 1601419683
AR sys_tim011_mercury structural C:/Users/zoltanp/Documents/HexCalc/Sys_TIM-011/Sys_TIM-011/Mercury/sys_tim011_mercury.vhd sub00/vhpl51 1601419698
AR configurabledelayline behavioral C:/Users/zoltanp/Documents/HexCalc/Sys_TIM-011/Sys_TIM-011/configurabledelayline.vhd sub00/vhpl05 1601419654
EN signalcounter NULL C:/Users/zoltanp/Documents/HexCalc/Sys_TIM-011/Sys_TIM-011/signalcounter.vhd sub00/vhpl46 1601419693
EN ram32k8 NULL C:/Users/zoltanp/Documents/HexCalc/Sys_TIM-011/Sys_TIM-011/ipcore_dir/ram32k8.vhd sub00/vhpl52 1601419647
AR debouncer8channel behavioral C:/Users/zoltanp/Documents/HexCalc/Sys_TIM-011/Sys_TIM-011/debouncer8channel.vhd sub00/vhpl35 1601419684
AR sn74ls374 behavioral C:/Users/zoltanp/Documents/HexCalc/Sys_TIM-011/Sys_TIM-011/sn74ls374.vhd sub00/vhpl11 1601419660
AR sn74s153 behavioral C:/Users/zoltanp/Documents/HexCalc/Sys_TIM-011/Sys_TIM-011/sn74s153.vhd sub00/vhpl25 1601419674
AR sn74ls20 behavioral C:/Users/zoltanp/Documents/HexCalc/Sys_TIM-011/Sys_TIM-011/sn74ls20.vhd sub00/vhpl19 1601419668
EN configurabledelayline NULL C:/Users/zoltanp/Documents/HexCalc/Sys_TIM-011/Sys_TIM-011/configurabledelayline.vhd sub00/vhpl04 1601419653
AR memtester behavioral C:/Users/zoltanp/Documents/HexCalc/Sys_TIM-011/Sys_TIM-011/memtester.vhd sub00/vhpl41 1601418864
AR sn74ls08 behavioral C:/Users/zoltanp/Documents/HexCalc/Sys_TIM-011/Sys_TIM-011/sn74ls08.vhd sub00/vhpl07 1601419656
EN memtester NULL C:/Users/zoltanp/Documents/HexCalc/Sys_TIM-011/Sys_TIM-011/memtester.vhd sub00/vhpl40 1601418863
EN sn74hc4040 NULL C:/Users/zoltanp/Documents/HexCalc/Sys_TIM-011/Sys_TIM-011/sn74hc4040.vhd sub00/vhpl08 1601419657
EN grafika NULL C:/Users/zoltanp/Documents/HexCalc/Sys_TIM-011/Sys_TIM-011/Grafika.vhd sub00/vhpl36 1601419685
AR oneshot behavioral C:/Users/zoltanp/Documents/HexCalc/Sys_TIM-011/Sys_TIM-011/oneshot.vhd sub00/vhpl45 1601419688
EN mem43256 NULL C:/Users/zoltanp/Documents/HexCalc/Sys_TIM-011/Sys_TIM-011/mem43256.vhd sub00/vhpl26 1601419675
AR sn74ls283 behavioral C:/Users/zoltanp/Documents/HexCalc/Sys_TIM-011/Sys_TIM-011/sn74ls283.vhd sub00/vhpl15 1601419664
AR grafika structural C:/Users/zoltanp/Documents/HexCalc/Sys_TIM-011/Sys_TIM-011/Grafika.vhd sub00/vhpl37 1601419686
AR ff74 behavioral C:/Users/zoltanp/Documents/HexCalc/Sys_TIM-011/Sys_TIM-011/ff74.vhd sub00/vhpl01 1601419650
AR sn74ls32 behavioral C:/Users/zoltanp/Documents/HexCalc/Sys_TIM-011/Sys_TIM-011/sn74ls32.vhd sub00/vhpl29 1601419678
EN debouncer NULL C:/Users/zoltanp/Documents/HexCalc/Sys_TIM-011/Sys_TIM-011/debouncer.vhd sub00/vhpl32 1601419681
AR fourdigitsevensegled structural C:/Users/zoltanp/Documents/HexCalc/Sys_TIM-011/Sys_TIM-011/Mercury/fourdigitsevensegled.vhd sub00/vhpl43 1601419692
AR sn74ls244 behavioral C:/Users/zoltanp/Documents/HexCalc/Sys_TIM-011/Sys_TIM-011/sn74ls244.vhd sub00/vhpl31 1601419680
EN fourdigitsevensegled NULL C:/Users/zoltanp/Documents/HexCalc/Sys_TIM-011/Sys_TIM-011/Mercury/fourdigitsevensegled.vhd sub00/vhpl42 1601419691
AR sn74ls157 behavioral C:/Users/zoltanp/Documents/HexCalc/Sys_TIM-011/Sys_TIM-011/sn74ls157.vhd sub00/vhpl21 1601419670
EN uart_receiver NULL C:/Users/zoltanp/Documents/HexCalc/Sys_TIM-011/Sys_TIM-011/uart_receiver.vhd sub00/vhpl48 1601419695
EN sn74ls08 NULL C:/Users/zoltanp/Documents/HexCalc/Sys_TIM-011/Sys_TIM-011/sn74ls08.vhd sub00/vhpl06 1601419655
EN sn74ls20 NULL C:/Users/zoltanp/Documents/HexCalc/Sys_TIM-011/Sys_TIM-011/sn74ls20.vhd sub00/vhpl18 1601419667
EN sn74ls157 NULL C:/Users/zoltanp/Documents/HexCalc/Sys_TIM-011/Sys_TIM-011/sn74ls157.vhd sub00/vhpl20 1601419669
EN ff74 NULL C:/Users/zoltanp/Documents/HexCalc/Sys_TIM-011/Sys_TIM-011/ff74.vhd sub00/vhpl00 1601419649
EN sn74ls32 NULL C:/Users/zoltanp/Documents/HexCalc/Sys_TIM-011/Sys_TIM-011/sn74ls32.vhd sub00/vhpl28 1601419677
AR sn74ls240 behavioral C:/Users/zoltanp/Documents/HexCalc/Sys_TIM-011/Sys_TIM-011/sn74ls240.vhd sub00/vhpl17 1601419666
EN oneshot NULL C:/Users/zoltanp/Documents/HexCalc/Sys_TIM-011/Sys_TIM-011/oneshot.vhd sub00/vhpl44 1601419687
