EN sn74s153 NULL C:/Users/zoltanp/Documents/HexCalc/Sys_TIM-011/Sys_TIM-011/sn74s153.vhd sub00/vhpl26 1600931078
AR sn74ls283 behavioral C:/Users/zoltanp/Documents/HexCalc/Sys_TIM-011/Sys_TIM-011/sn74ls283.vhd sub00/vhpl17 1600931069
EN sn74ls240 NULL C:/Users/zoltanp/Documents/HexCalc/Sys_TIM-011/Sys_TIM-011/sn74ls240.vhd sub00/vhpl18 1600931070
AR sn74hc04 behavioral C:/Users/zoltanp/Documents/HexCalc/Sys_TIM-011/Sys_TIM-011/sn74hc04.vhd sub00/vhpl25 1600931077
EN configurabledelayline NULL C:/Users/zoltanp/Documents/HexCalc/Sys_TIM-011/Sys_TIM-011/configurabledelayline.vhd sub00/vhpl06 1600931058
EN sn74ls244 NULL C:/Users/zoltanp/Documents/HexCalc/Sys_TIM-011/Sys_TIM-011/sn74ls244.vhd sub00/vhpl32 1600931084
EN sn74ls74 NULL C:/Users/zoltanp/Documents/HexCalc/Sys_TIM-011/Sys_TIM-011/sn74ls74.vhd sub00/vhpl14 1600931066
AR memconsole behavioral C:/Users/zoltanp/Documents/HexCalc/Sys_TIM-011/Sys_TIM-011/Mercury/memconsole.vhd sub00/vhpl39 1600931091
EN sn74ls283 NULL C:/Users/zoltanp/Documents/HexCalc/Sys_TIM-011/Sys_TIM-011/sn74ls283.vhd sub00/vhpl16 1600931068
AR uart_receiver behavioral C:/Users/zoltanp/Documents/HexCalc/Sys_TIM-011/Sys_TIM-011/Mercury/uart_receiver.vhd sub00/vhpl47 1600931099
AR sn74hc4040 behavioral C:/Users/zoltanp/Documents/HexCalc/Sys_TIM-011/Sys_TIM-011/sn74hc4040.vhd sub00/vhpl11 1600931063
AR sn74ls244 behavioral C:/Users/zoltanp/Documents/HexCalc/Sys_TIM-011/Sys_TIM-011/sn74ls244.vhd sub00/vhpl33 1600931085
EN am82s62 NULL C:/Users/zoltanp/Documents/HexCalc/Sys_TIM-011/Sys_TIM-011/Am82S62.vhd sub00/vhpl04 1600931056
AR sn74ls32 behavioral C:/Users/zoltanp/Documents/HexCalc/Sys_TIM-011/Sys_TIM-011/sn74ls32.vhd sub00/vhpl31 1600931083
AR sn74ls157 behavioral C:/Users/zoltanp/Documents/HexCalc/Sys_TIM-011/Sys_TIM-011/sn74ls157.vhd sub00/vhpl23 1600931075
EN sn74hc04 NULL C:/Users/zoltanp/Documents/HexCalc/Sys_TIM-011/Sys_TIM-011/sn74hc04.vhd sub00/vhpl24 1600931076
EN sn74ls374 NULL C:/Users/zoltanp/Documents/HexCalc/Sys_TIM-011/Sys_TIM-011/sn74ls374.vhd sub00/vhpl12 1600931064
AR grafika structural C:/Users/zoltanp/Documents/HexCalc/Sys_TIM-011/Sys_TIM-011/Grafika.vhd sub00/vhpl41 1600931093
AR sn74ls240 behavioral C:/Users/zoltanp/Documents/HexCalc/Sys_TIM-011/Sys_TIM-011/sn74ls240.vhd sub00/vhpl19 1600931071
EN host NULL C:/Users/zoltanp/Documents/HexCalc/Sys_TIM-011/Sys_TIM-011/Mercury/host.vhd sub00/vhpl48 1600931100
AR configurabledelayline behavioral C:/Users/zoltanp/Documents/HexCalc/Sys_TIM-011/Sys_TIM-011/configurabledelayline.vhd sub00/vhpl07 1600931059
AR ram32k8 ram32k8_a C:/Users/zoltanp/Documents/HexCalc/Sys_TIM-011/Sys_TIM-011/Mercury/ipcore_dir/ram32k8.vhd sub00/vhpl01 1600931053
AR sn74s153 behavioral C:/Users/zoltanp/Documents/HexCalc/Sys_TIM-011/Sys_TIM-011/sn74s153.vhd sub00/vhpl27 1600931079
EN ram32k8 NULL C:/Users/zoltanp/Documents/HexCalc/Sys_TIM-011/Sys_TIM-011/Mercury/ipcore_dir/ram32k8.vhd sub00/vhpl00 1600931052
EN uart_receiver NULL C:/Users/zoltanp/Documents/HexCalc/Sys_TIM-011/Sys_TIM-011/Mercury/uart_receiver.vhd sub00/vhpl46 1600931098
AR am82s62 behavioral C:/Users/zoltanp/Documents/HexCalc/Sys_TIM-011/Sys_TIM-011/Am82S62.vhd sub00/vhpl05 1600931057
AR signalcounter behavioral C:/Users/zoltanp/Documents/HexCalc/Sys_TIM-011/Sys_TIM-011/signalcounter.vhd sub00/vhpl45 1600931097
EN memconsole NULL C:/Users/zoltanp/Documents/HexCalc/Sys_TIM-011/Sys_TIM-011/Mercury/memconsole.vhd sub00/vhpl38 1600931090
AR fourdigitsevensegled structural C:/Users/zoltanp/Documents/HexCalc/Sys_TIM-011/Sys_TIM-011/Mercury/fourdigitsevensegled.vhd sub00/vhpl43 1600931095
AR debouncer behavioral C:/Users/zoltanp/Documents/HexCalc/Sys_TIM-011/Sys_TIM-011/debouncer.vhd sub00/vhpl35 1600931087
EN sn74hc4040 NULL C:/Users/zoltanp/Documents/HexCalc/Sys_TIM-011/Sys_TIM-011/sn74hc4040.vhd sub00/vhpl10 1600931062
EN grafika NULL C:/Users/zoltanp/Documents/HexCalc/Sys_TIM-011/Sys_TIM-011/Grafika.vhd sub00/vhpl40 1600931092
EN mem43256 NULL C:/Users/zoltanp/Documents/HexCalc/Sys_TIM-011/Sys_TIM-011/mem43256.vhd sub00/vhpl28 1600931080
EN debouncer8channel NULL C:/Users/zoltanp/Documents/HexCalc/Sys_TIM-011/Sys_TIM-011/debouncer8channel.vhd sub00/vhpl36 1600931088
AR host structural C:/Users/zoltanp/Documents/HexCalc/Sys_TIM-011/Sys_TIM-011/Mercury/host.vhd sub00/vhpl49 1600931101
AR ff74 behavioral C:/Users/zoltanp/Documents/HexCalc/Sys_TIM-011/Sys_TIM-011/ff74.vhd sub00/vhpl03 1600931055
AR sn74ls374 behavioral C:/Users/zoltanp/Documents/HexCalc/Sys_TIM-011/Sys_TIM-011/sn74ls374.vhd sub00/vhpl13 1600931065
EN debouncer NULL C:/Users/zoltanp/Documents/HexCalc/Sys_TIM-011/Sys_TIM-011/debouncer.vhd sub00/vhpl34 1600931086
AR sn74ls74 behavioral C:/Users/zoltanp/Documents/HexCalc/Sys_TIM-011/Sys_TIM-011/sn74ls74.vhd sub00/vhpl15 1600931067
EN fourdigitsevensegled NULL C:/Users/zoltanp/Documents/HexCalc/Sys_TIM-011/Sys_TIM-011/Mercury/fourdigitsevensegled.vhd sub00/vhpl42 1600931094
AR debouncer8channel behavioral C:/Users/zoltanp/Documents/HexCalc/Sys_TIM-011/Sys_TIM-011/debouncer8channel.vhd sub00/vhpl37 1600931089
AR sn74ls20 behavioral C:/Users/zoltanp/Documents/HexCalc/Sys_TIM-011/Sys_TIM-011/sn74ls20.vhd sub00/vhpl21 1600931073
EN signalcounter NULL C:/Users/zoltanp/Documents/HexCalc/Sys_TIM-011/Sys_TIM-011/signalcounter.vhd sub00/vhpl44 1600931096
EN sn74ls08 NULL C:/Users/zoltanp/Documents/HexCalc/Sys_TIM-011/Sys_TIM-011/sn74ls08.vhd sub00/vhpl08 1600931060
EN sn74ls20 NULL C:/Users/zoltanp/Documents/HexCalc/Sys_TIM-011/Sys_TIM-011/sn74ls20.vhd sub00/vhpl20 1600931072
EN sn74ls157 NULL C:/Users/zoltanp/Documents/HexCalc/Sys_TIM-011/Sys_TIM-011/sn74ls157.vhd sub00/vhpl22 1600931074
AR mem43256 behavioral C:/Users/zoltanp/Documents/HexCalc/Sys_TIM-011/Sys_TIM-011/mem43256.vhd sub00/vhpl29 1600931081
EN ff74 NULL C:/Users/zoltanp/Documents/HexCalc/Sys_TIM-011/Sys_TIM-011/ff74.vhd sub00/vhpl02 1600931054
EN sn74ls32 NULL C:/Users/zoltanp/Documents/HexCalc/Sys_TIM-011/Sys_TIM-011/sn74ls32.vhd sub00/vhpl30 1600931082
AR sn74ls08 behavioral C:/Users/zoltanp/Documents/HexCalc/Sys_TIM-011/Sys_TIM-011/sn74ls08.vhd sub00/vhpl09 1600931061
