EN sn74s153 NULL C:/Users/zoltanp/Documents/HexCalc/Sys_TIM-011/Sys_TIM-011/sn74s153.vhd sub00/vhpl26 1601263023
AR sn74ls283 behavioral C:/Users/zoltanp/Documents/HexCalc/Sys_TIM-011/Sys_TIM-011/sn74ls283.vhd sub00/vhpl17 1601263014
EN sn74ls240 NULL C:/Users/zoltanp/Documents/HexCalc/Sys_TIM-011/Sys_TIM-011/sn74ls240.vhd sub00/vhpl18 1601263015
AR sn74hc04 behavioral C:/Users/zoltanp/Documents/HexCalc/Sys_TIM-011/Sys_TIM-011/sn74hc04.vhd sub00/vhpl25 1601263022
EN configurabledelayline NULL C:/Users/zoltanp/Documents/HexCalc/Sys_TIM-011/Sys_TIM-011/configurabledelayline.vhd sub00/vhpl06 1601263003
EN sn74ls244 NULL C:/Users/zoltanp/Documents/HexCalc/Sys_TIM-011/Sys_TIM-011/sn74ls244.vhd sub00/vhpl32 1601263029
EN sn74ls74 NULL C:/Users/zoltanp/Documents/HexCalc/Sys_TIM-011/Sys_TIM-011/sn74ls74.vhd sub00/vhpl14 1601263011
AR memconsole behavioral C:/Users/zoltanp/Documents/HexCalc/Sys_TIM-011/Sys_TIM-011/Mercury/memconsole.vhd sub00/vhpl39 1601258181
EN sn74ls283 NULL C:/Users/zoltanp/Documents/HexCalc/Sys_TIM-011/Sys_TIM-011/sn74ls283.vhd sub00/vhpl16 1601263013
AR uart_receiver behavioral C:/Users/zoltanp/Documents/HexCalc/Sys_TIM-011/Sys_TIM-011/Mercury/uart_receiver.vhd sub00/vhpl49 1601263048
AR sn74hc4040 behavioral C:/Users/zoltanp/Documents/HexCalc/Sys_TIM-011/Sys_TIM-011/sn74hc4040.vhd sub00/vhpl11 1601263008
AR sn74ls244 behavioral C:/Users/zoltanp/Documents/HexCalc/Sys_TIM-011/Sys_TIM-011/sn74ls244.vhd sub00/vhpl33 1601263030
EN am82s62 NULL C:/Users/zoltanp/Documents/HexCalc/Sys_TIM-011/Sys_TIM-011/Am82S62.vhd sub00/vhpl04 1601263001
AR sn74ls32 behavioral C:/Users/zoltanp/Documents/HexCalc/Sys_TIM-011/Sys_TIM-011/sn74ls32.vhd sub00/vhpl31 1601263028
AR oneshot behavioral C:/Users/zoltanp/Documents/HexCalc/Sys_TIM-011/Sys_TIM-011/oneshot.vhd sub00/vhpl43 1601263040
AR sn74ls157 behavioral C:/Users/zoltanp/Documents/HexCalc/Sys_TIM-011/Sys_TIM-011/sn74ls157.vhd sub00/vhpl23 1601263020
EN sn74hc04 NULL C:/Users/zoltanp/Documents/HexCalc/Sys_TIM-011/Sys_TIM-011/sn74hc04.vhd sub00/vhpl24 1601263021
EN sn74ls374 NULL C:/Users/zoltanp/Documents/HexCalc/Sys_TIM-011/Sys_TIM-011/sn74ls374.vhd sub00/vhpl12 1601263009
AR grafika structural C:/Users/zoltanp/Documents/HexCalc/Sys_TIM-011/Sys_TIM-011/Grafika.vhd sub00/vhpl41 1601263038
AR sn74ls240 behavioral C:/Users/zoltanp/Documents/HexCalc/Sys_TIM-011/Sys_TIM-011/sn74ls240.vhd sub00/vhpl19 1601263016
EN host NULL C:/Users/zoltanp/Documents/HexCalc/Sys_TIM-011/Sys_TIM-011/Mercury/host.vhd sub00/vhpl50 1601263049
AR configurabledelayline behavioral C:/Users/zoltanp/Documents/HexCalc/Sys_TIM-011/Sys_TIM-011/configurabledelayline.vhd sub00/vhpl07 1601263004
AR ram32k8 ram32k8_a C:/Users/zoltanp/Documents/HexCalc/Sys_TIM-011/Sys_TIM-011/Mercury/ipcore_dir/ram32k8.vhd sub00/vhpl01 1601262998
AR sn74s153 behavioral C:/Users/zoltanp/Documents/HexCalc/Sys_TIM-011/Sys_TIM-011/sn74s153.vhd sub00/vhpl27 1601263024
AR memtester behavioral C:/Users/zoltanp/Documents/HexCalc/Sys_TIM-011/Sys_TIM-011/memtester.vhd sub00/vhpl55 1601263036
EN ram32k8 NULL C:/Users/zoltanp/Documents/HexCalc/Sys_TIM-011/Sys_TIM-011/Mercury/ipcore_dir/ram32k8.vhd sub00/vhpl00 1601262997
EN uart_receiver NULL C:/Users/zoltanp/Documents/HexCalc/Sys_TIM-011/Sys_TIM-011/Mercury/uart_receiver.vhd sub00/vhpl48 1601263047
EN interactivereg NULL C:/Users/zoltanp/Documents/HexCalc/Sys_TIM-011/Sys_TIM-011/interactivereg.vhd sub00/vhpl52 1601263041
AR am82s62 behavioral C:/Users/zoltanp/Documents/HexCalc/Sys_TIM-011/Sys_TIM-011/Am82S62.vhd sub00/vhpl05 1601263002
AR signalcounter behavioral C:/Users/zoltanp/Documents/HexCalc/Sys_TIM-011/Sys_TIM-011/signalcounter.vhd sub00/vhpl47 1601263046
EN memconsole NULL C:/Users/zoltanp/Documents/HexCalc/Sys_TIM-011/Sys_TIM-011/Mercury/memconsole.vhd sub00/vhpl38 1601258180
AR fourdigitsevensegled structural C:/Users/zoltanp/Documents/HexCalc/Sys_TIM-011/Sys_TIM-011/Mercury/fourdigitsevensegled.vhd sub00/vhpl45 1601263044
AR debouncer behavioral C:/Users/zoltanp/Documents/HexCalc/Sys_TIM-011/Sys_TIM-011/debouncer.vhd sub00/vhpl35 1601263032
EN memtester NULL C:/Users/zoltanp/Documents/HexCalc/Sys_TIM-011/Sys_TIM-011/memtester.vhd sub00/vhpl54 1601263035
EN sn74hc4040 NULL C:/Users/zoltanp/Documents/HexCalc/Sys_TIM-011/Sys_TIM-011/sn74hc4040.vhd sub00/vhpl10 1601263007
EN grafika NULL C:/Users/zoltanp/Documents/HexCalc/Sys_TIM-011/Sys_TIM-011/Grafika.vhd sub00/vhpl40 1601263037
EN mem43256 NULL C:/Users/zoltanp/Documents/HexCalc/Sys_TIM-011/Sys_TIM-011/mem43256.vhd sub00/vhpl28 1601263025
EN debouncer8channel NULL C:/Users/zoltanp/Documents/HexCalc/Sys_TIM-011/Sys_TIM-011/debouncer8channel.vhd sub00/vhpl36 1601263033
AR host structural C:/Users/zoltanp/Documents/HexCalc/Sys_TIM-011/Sys_TIM-011/Mercury/host.vhd sub00/vhpl51 1601263050
AR ff74 behavioral C:/Users/zoltanp/Documents/HexCalc/Sys_TIM-011/Sys_TIM-011/ff74.vhd sub00/vhpl03 1601263000
AR sn74ls374 behavioral C:/Users/zoltanp/Documents/HexCalc/Sys_TIM-011/Sys_TIM-011/sn74ls374.vhd sub00/vhpl13 1601263010
EN debouncer NULL C:/Users/zoltanp/Documents/HexCalc/Sys_TIM-011/Sys_TIM-011/debouncer.vhd sub00/vhpl34 1601263031
AR sn74ls74 behavioral C:/Users/zoltanp/Documents/HexCalc/Sys_TIM-011/Sys_TIM-011/sn74ls74.vhd sub00/vhpl15 1601263012
EN fourdigitsevensegled NULL C:/Users/zoltanp/Documents/HexCalc/Sys_TIM-011/Sys_TIM-011/Mercury/fourdigitsevensegled.vhd sub00/vhpl44 1601263043
AR debouncer8channel behavioral C:/Users/zoltanp/Documents/HexCalc/Sys_TIM-011/Sys_TIM-011/debouncer8channel.vhd sub00/vhpl37 1601263034
AR sn74ls20 behavioral C:/Users/zoltanp/Documents/HexCalc/Sys_TIM-011/Sys_TIM-011/sn74ls20.vhd sub00/vhpl21 1601263018
EN signalcounter NULL C:/Users/zoltanp/Documents/HexCalc/Sys_TIM-011/Sys_TIM-011/signalcounter.vhd sub00/vhpl46 1601263045
AR interactivereg behavioral C:/Users/zoltanp/Documents/HexCalc/Sys_TIM-011/Sys_TIM-011/interactivereg.vhd sub00/vhpl53 1601263042
EN sn74ls08 NULL C:/Users/zoltanp/Documents/HexCalc/Sys_TIM-011/Sys_TIM-011/sn74ls08.vhd sub00/vhpl08 1601263005
EN sn74ls20 NULL C:/Users/zoltanp/Documents/HexCalc/Sys_TIM-011/Sys_TIM-011/sn74ls20.vhd sub00/vhpl20 1601263017
EN sn74ls157 NULL C:/Users/zoltanp/Documents/HexCalc/Sys_TIM-011/Sys_TIM-011/sn74ls157.vhd sub00/vhpl22 1601263019
AR mem43256 behavioral C:/Users/zoltanp/Documents/HexCalc/Sys_TIM-011/Sys_TIM-011/mem43256.vhd sub00/vhpl29 1601263026
EN ff74 NULL C:/Users/zoltanp/Documents/HexCalc/Sys_TIM-011/Sys_TIM-011/ff74.vhd sub00/vhpl02 1601262999
EN sn74ls32 NULL C:/Users/zoltanp/Documents/HexCalc/Sys_TIM-011/Sys_TIM-011/sn74ls32.vhd sub00/vhpl30 1601263027
AR sn74ls08 behavioral C:/Users/zoltanp/Documents/HexCalc/Sys_TIM-011/Sys_TIM-011/sn74ls08.vhd sub00/vhpl09 1601263006
EN oneshot NULL C:/Users/zoltanp/Documents/HexCalc/Sys_TIM-011/Sys_TIM-011/oneshot.vhd sub00/vhpl42 1601263039
