EN ps2_keyboard NULL C:/Users/zoltanp/Documents/HexCalc/Sys_TIM-011/Sys_TIM-011/ps2_keyboard.vhd sub00/vhpl10 1599280685
EN sn74s153 NULL C:/Users/zoltanp/Documents/HexCalc/Sys_TIM-011/Sys_TIM-011/Mercury/sn74s153.vhd sub00/vhpl06 1599419805
EN sn74ls240 NULL C:/Users/zoltanp/Documents/HexCalc/Sys_TIM-011/Sys_TIM-011/sn74ls240.vhd sub00/vhpl00 1599419799
AR sn74hc04 behavioral C:/Users/zoltanp/Documents/HexCalc/Sys_TIM-011/Sys_TIM-011/sn74hc04.vhd sub00/vhpl05 1599419804
AR io_ps2_com rtl C:/Users/zoltanp/Documents/HexCalc/Sys_TIM-011/Sys_TIM-011/io_ps2_com.vhd sub00/vhpl21 1599419808
AR sn74hc4040 behavioral C:/Users/zoltanp/Documents/HexCalc/Sys_TIM-011/Sys_TIM-011/sn74hc4040.vhd sub00/vhpl13 1599419796
EN sn74hc04 NULL C:/Users/zoltanp/Documents/HexCalc/Sys_TIM-011/Sys_TIM-011/sn74hc04.vhd sub00/vhpl04 1599419803
EN sn74ls374 NULL C:/Users/zoltanp/Documents/HexCalc/Sys_TIM-011/Sys_TIM-011/sn74ls374.vhd sub00/vhpl26 1599419797
AR grafika structural C:/Users/zoltanp/Documents/HexCalc/Sys_TIM-011/Sys_TIM-011/Grafika.vhd sub00/vhpl15 1599419812
AR sn74ls240 behavioral C:/Users/zoltanp/Documents/HexCalc/Sys_TIM-011/Sys_TIM-011/sn74ls240.vhd sub00/vhpl01 1599419800
EN host NULL C:/Users/zoltanp/Documents/HexCalc/Sys_TIM-011/Sys_TIM-011/Mercury/host.vhd sub00/vhpl18 1599419817
EN io_ps2_com NULL C:/Users/zoltanp/Documents/HexCalc/Sys_TIM-011/Sys_TIM-011/io_ps2_com.vhd sub00/vhpl20 1599419807
AR sn74s153 behavioral C:/Users/zoltanp/Documents/HexCalc/Sys_TIM-011/Sys_TIM-011/Mercury/sn74s153.vhd sub00/vhpl07 1599419806
AR signalcounter behavioral C:/Users/zoltanp/Documents/HexCalc/Sys_TIM-011/Sys_TIM-011/Mercury/signalcounter.vhd sub00/vhpl25 1599419816
AR fourdigitsevensegled structural C:/Users/zoltanp/Documents/HexCalc/Sys_TIM-011/Sys_TIM-011/Mercury/fourdigitsevensegled.vhd sub00/vhpl17 1599419814
EN sn74hc4040 NULL C:/Users/zoltanp/Documents/HexCalc/Sys_TIM-011/Sys_TIM-011/sn74hc4040.vhd sub00/vhpl12 1599419795
EN grafika NULL C:/Users/zoltanp/Documents/HexCalc/Sys_TIM-011/Sys_TIM-011/Grafika.vhd sub00/vhpl14 1599419811
AR ps2_keyboard rtl C:/Users/zoltanp/Documents/HexCalc/Sys_TIM-011/Sys_TIM-011/ps2_keyboard.vhd sub00/vhpl11 1599280686
AR host structural C:/Users/zoltanp/Documents/HexCalc/Sys_TIM-011/Sys_TIM-011/Mercury/host.vhd sub00/vhpl19 1599419818
AR sn74ls374 behavioral C:/Users/zoltanp/Documents/HexCalc/Sys_TIM-011/Sys_TIM-011/sn74ls374.vhd sub00/vhpl27 1599419798
AR io_ps2_keyboard rtl C:/Users/zoltanp/Documents/HexCalc/Sys_TIM-011/Sys_TIM-011/io_ps2_keyboard.vhd sub00/vhpl23 1599419810
EN fourdigitsevensegled NULL C:/Users/zoltanp/Documents/HexCalc/Sys_TIM-011/Sys_TIM-011/Mercury/fourdigitsevensegled.vhd sub00/vhpl16 1599419813
AR sn74ls20 behavioral C:/Users/zoltanp/Documents/HexCalc/Sys_TIM-011/Sys_TIM-011/sn74ls20.vhd sub00/vhpl03 1599419802
EN signalcounter NULL C:/Users/zoltanp/Documents/HexCalc/Sys_TIM-011/Sys_TIM-011/Mercury/signalcounter.vhd sub00/vhpl24 1599419815
EN sn74ls08 NULL C:/Users/zoltanp/Documents/HexCalc/Sys_TIM-011/Sys_TIM-011/sn74ls08.vhd sub00/vhpl08 1599419793
EN io_ps2_keyboard NULL C:/Users/zoltanp/Documents/HexCalc/Sys_TIM-011/Sys_TIM-011/io_ps2_keyboard.vhd sub00/vhpl22 1599419809
EN sn74ls20 NULL C:/Users/zoltanp/Documents/HexCalc/Sys_TIM-011/Sys_TIM-011/sn74ls20.vhd sub00/vhpl02 1599419801
AR sn74ls08 behavioral C:/Users/zoltanp/Documents/HexCalc/Sys_TIM-011/Sys_TIM-011/sn74ls08.vhd sub00/vhpl09 1599419794
